Archive member included to satisfy reference by file (symbol)

c:/program files (x86)/atollic/truestudio for arm 6.0.0/armtools/bin/../lib/gcc/arm-atollic-eabi/5.3.1/../../../../arm-atollic-eabi/lib/armv7e-m/fpu\libc.a(lib_a-init.o)
                              Drivers\CMSIS\Device\ST\STM32F4xx\Source\Templates\gcc\startup_stm32f446xx.o (__libc_init_array)

Allocating common symbols
Common symbol       size              file

uwTick              0x4               Drivers\STM32F4xx_HAL_Driver\Src\stm32f4xx_hal.o
pFlash              0x20              Drivers\STM32F4xx_HAL_Driver\Src\stm32f4xx_hal_flash.o
htim13              0x3c              Src\tim.o
huart1              0x40              Src\usart.o

Discarded input sections

 .text          0x00000000        0x0 c:/program files (x86)/atollic/truestudio for arm 6.0.0/armtools/bin/../lib/gcc/arm-atollic-eabi/5.3.1/armv7e-m/fpu/crti.o
 .data          0x00000000        0x0 c:/program files (x86)/atollic/truestudio for arm 6.0.0/armtools/bin/../lib/gcc/arm-atollic-eabi/5.3.1/armv7e-m/fpu/crti.o
 .bss           0x00000000        0x0 c:/program files (x86)/atollic/truestudio for arm 6.0.0/armtools/bin/../lib/gcc/arm-atollic-eabi/5.3.1/armv7e-m/fpu/crti.o
 .data          0x00000000        0x4 c:/program files (x86)/atollic/truestudio for arm 6.0.0/armtools/bin/../lib/gcc/arm-atollic-eabi/5.3.1/armv7e-m/fpu/crtbegin.o
 .text          0x00000000       0x14 Drivers\CMSIS\Device\ST\STM32F4xx\Source\Templates\gcc\startup_stm32f446xx.o
 .data          0x00000000        0x0 Drivers\CMSIS\Device\ST\STM32F4xx\Source\Templates\gcc\startup_stm32f446xx.o
 .bss           0x00000000        0x0 Drivers\CMSIS\Device\ST\STM32F4xx\Source\Templates\gcc\startup_stm32f446xx.o
 .text          0x00000000        0x0 Drivers\CMSIS\Device\ST\STM32F4xx\Source\Templates\system_stm32f4xx.o
 .data          0x00000000        0x0 Drivers\CMSIS\Device\ST\STM32F4xx\Source\Templates\system_stm32f4xx.o
 .bss           0x00000000        0x0 Drivers\CMSIS\Device\ST\STM32F4xx\Source\Templates\system_stm32f4xx.o
 .text.SystemCoreClockUpdate
                0x00000000       0x74 Drivers\CMSIS\Device\ST\STM32F4xx\Source\Templates\system_stm32f4xx.o
 .rodata.AHBPrescTable
                0x00000000       0x10 Drivers\CMSIS\Device\ST\STM32F4xx\Source\Templates\system_stm32f4xx.o
 .text          0x00000000        0x0 Drivers\STM32F4xx_HAL_Driver\Src\stm32f4xx_hal.o
 .data          0x00000000        0x0 Drivers\STM32F4xx_HAL_Driver\Src\stm32f4xx_hal.o
 .bss           0x00000000        0x0 Drivers\STM32F4xx_HAL_Driver\Src\stm32f4xx_hal.o
 .text.HAL_MspInit
                0x00000000        0x2 Drivers\STM32F4xx_HAL_Driver\Src\stm32f4xx_hal.o
 .text.HAL_MspDeInit
                0x00000000        0x2 Drivers\STM32F4xx_HAL_Driver\Src\stm32f4xx_hal.o
 .text.HAL_DeInit
                0x00000000       0x2c Drivers\STM32F4xx_HAL_Driver\Src\stm32f4xx_hal.o
 .text.HAL_Delay
                0x00000000       0x1a Drivers\STM32F4xx_HAL_Driver\Src\stm32f4xx_hal.o
 .text.HAL_SuspendTick
                0x00000000       0x10 Drivers\STM32F4xx_HAL_Driver\Src\stm32f4xx_hal.o
 .text.HAL_ResumeTick
                0x00000000       0x10 Drivers\STM32F4xx_HAL_Driver\Src\stm32f4xx_hal.o
 .text.HAL_GetHalVersion
                0x00000000        0x8 Drivers\STM32F4xx_HAL_Driver\Src\stm32f4xx_hal.o
 .text.HAL_GetREVID
                0x00000000        0xc Drivers\STM32F4xx_HAL_Driver\Src\stm32f4xx_hal.o
 .text.HAL_GetDEVID
                0x00000000       0x10 Drivers\STM32F4xx_HAL_Driver\Src\stm32f4xx_hal.o
 .text.HAL_DBGMCU_EnableDBGSleepMode
                0x00000000       0x10 Drivers\STM32F4xx_HAL_Driver\Src\stm32f4xx_hal.o
 .text.HAL_DBGMCU_DisableDBGSleepMode
                0x00000000       0x10 Drivers\STM32F4xx_HAL_Driver\Src\stm32f4xx_hal.o
 .text.HAL_DBGMCU_EnableDBGStopMode
                0x00000000       0x10 Drivers\STM32F4xx_HAL_Driver\Src\stm32f4xx_hal.o
 .text.HAL_DBGMCU_DisableDBGStopMode
                0x00000000       0x10 Drivers\STM32F4xx_HAL_Driver\Src\stm32f4xx_hal.o
 .text.HAL_DBGMCU_EnableDBGStandbyMode
                0x00000000       0x10 Drivers\STM32F4xx_HAL_Driver\Src\stm32f4xx_hal.o
 .text.HAL_DBGMCU_DisableDBGStandbyMode
                0x00000000       0x10 Drivers\STM32F4xx_HAL_Driver\Src\stm32f4xx_hal.o
 .text.HAL_EnableCompensationCell
                0x00000000       0x18 Drivers\STM32F4xx_HAL_Driver\Src\stm32f4xx_hal.o
 .text.HAL_DisableCompensationCell
                0x00000000       0x1c Drivers\STM32F4xx_HAL_Driver\Src\stm32f4xx_hal.o
 .text          0x00000000        0x0 Drivers\STM32F4xx_HAL_Driver\Src\stm32f4xx_hal_cortex.o
 .data          0x00000000        0x0 Drivers\STM32F4xx_HAL_Driver\Src\stm32f4xx_hal_cortex.o
 .bss           0x00000000        0x0 Drivers\STM32F4xx_HAL_Driver\Src\stm32f4xx_hal_cortex.o
 .text.HAL_NVIC_DisableIRQ
[...]
Memory Configuration

Name             Origin             Length             Attributes
FLASH            0x08000000         0x00080000         xr
RAM              0x20000000         0x00020000         xrw
*default*        0x00000000         0xffffffff

Linker script and memory map

LOAD c:/program files (x86)/atollic/truestudio for arm 6.0.0/armtools/bin/../lib/gcc/arm-atollic-eabi/5.3.1/armv7e-m/fpu/crti.o
LOAD c:/program files (x86)/atollic/truestudio for arm 6.0.0/armtools/bin/../lib/gcc/arm-atollic-eabi/5.3.1/armv7e-m/fpu/crtbegin.o
LOAD Drivers\CMSIS\Device\ST\STM32F4xx\Source\Templates\gcc\startup_stm32f446xx.o
LOAD Drivers\CMSIS\Device\ST\STM32F4xx\Source\Templates\system_stm32f4xx.o
LOAD Drivers\STM32F4xx_HAL_Driver\Src\stm32f4xx_hal.o
LOAD Drivers\STM32F4xx_HAL_Driver\Src\stm32f4xx_hal_cortex.o
LOAD Drivers\STM32F4xx_HAL_Driver\Src\stm32f4xx_hal_dma.o
LOAD Drivers\STM32F4xx_HAL_Driver\Src\stm32f4xx_hal_dma_ex.o
LOAD Drivers\STM32F4xx_HAL_Driver\Src\stm32f4xx_hal_flash.o
LOAD Drivers\STM32F4xx_HAL_Driver\Src\stm32f4xx_hal_flash_ex.o
LOAD Drivers\STM32F4xx_HAL_Driver\Src\stm32f4xx_hal_flash_ramfunc.o
LOAD Drivers\STM32F4xx_HAL_Driver\Src\stm32f4xx_hal_gpio.o
LOAD Drivers\STM32F4xx_HAL_Driver\Src\stm32f4xx_hal_pwr.o
LOAD Drivers\STM32F4xx_HAL_Driver\Src\stm32f4xx_hal_pwr_ex.o
LOAD Drivers\STM32F4xx_HAL_Driver\Src\stm32f4xx_hal_rcc.o
LOAD Drivers\STM32F4xx_HAL_Driver\Src\stm32f4xx_hal_rcc_ex.o
LOAD Drivers\STM32F4xx_HAL_Driver\Src\stm32f4xx_hal_tim.o
LOAD Drivers\STM32F4xx_HAL_Driver\Src\stm32f4xx_hal_tim_ex.o
LOAD Drivers\STM32F4xx_HAL_Driver\Src\stm32f4xx_hal_uart.o
LOAD Src\gpio.o
LOAD Src\main.o
LOAD Src\stm32f4xx_hal_msp.o
LOAD Src\stm32f4xx_it.o
LOAD Src\tim.o
LOAD Src\usart.o
START GROUP
LOAD c:/program files (x86)/atollic/truestudio for arm 6.0.0/armtools/bin/../lib/gcc/arm-atollic-eabi/5.3.1/../../../../arm-atollic-eabi/lib/armv7e-m/fpu\libc.a
LOAD c:/program files (x86)/atollic/truestudio for arm 6.0.0/armtools/bin/../lib/gcc/arm-atollic-eabi/5.3.1/../../../../arm-atollic-eabi/lib/armv7e-m/fpu\libm.a
END GROUP
                0x00000080                malloc_getpagesize_P = 0x80
START GROUP
LOAD c:/program files (x86)/atollic/truestudio for arm 6.0.0/armtools/bin/../lib/gcc/arm-atollic-eabi/5.3.1/armv7e-m/fpu\libgcc.a
LOAD c:/program files (x86)/atollic/truestudio for arm 6.0.0/armtools/bin/../lib/gcc/arm-atollic-eabi/5.3.1/../../../../arm-atollic-eabi/lib/armv7e-m/fpu\libc.a
END GROUP
START GROUP
LOAD c:/program files (x86)/atollic/truestudio for arm 6.0.0/armtools/bin/../lib/gcc/arm-atollic-eabi/5.3.1/armv7e-m/fpu\libgcc.a
LOAD c:/program files (x86)/atollic/truestudio for arm 6.0.0/armtools/bin/../lib/gcc/arm-atollic-eabi/5.3.1/../../../../arm-atollic-eabi/lib/armv7e-m/fpu\libc.a
LOAD c:/program files (x86)/atollic/truestudio for arm 6.0.0/armtools/bin/../lib/gcc/arm-atollic-eabi/5.3.1/../../../../arm-atollic-eabi/lib/armv7e-m/fpu\libnosys.a
END GROUP
LOAD c:/program files (x86)/atollic/truestudio for arm 6.0.0/armtools/bin/../lib/gcc/arm-atollic-eabi/5.3.1/armv7e-m/fpu/crtend.o
LOAD c:/program files (x86)/atollic/truestudio for arm 6.0.0/armtools/bin/../lib/gcc/arm-atollic-eabi/5.3.1/armv7e-m/fpu/crtn.o
                0x20020000                _estack = 0x20020000
                0x00000200                _Min_Heap_Size = 0x200
                0x00000400                _Min_Stack_Size = 0x400

.isr_vector     0x08000000      0x1c4
                0x08000000                . = ALIGN (0x4)
 *(.isr_vector)
 .isr_vector    0x08000000      0x1c4 Drivers\CMSIS\Device\ST\STM32F4xx\Source\Templates\gcc\startup_stm32f446xx.o
                0x08000000                g_pfnVectors
                0x080001c4                . = ALIGN (0x4)

.text           0x080001c4     0x11cc
                0x080001c4                . = ALIGN (0x4)
 *(.text)
 .text          0x080001c4       0x40 c:/program files (x86)/atollic/truestudio for arm 6.0.0/armtools/bin/../lib/gcc/arm-atollic-eabi/5.3.1/armv7e-m/fpu/crtbegin.o
 *(.text*)
 .text.Reset_Handler
                0x08000204       0x50 Drivers\CMSIS\Device\ST\STM32F4xx\Source\Templates\gcc\startup_stm32f446xx.o
                0x08000204                Reset_Handler
 .text.Default_Handler
                0x08000254        0x2 Drivers\CMSIS\Device\ST\STM32F4xx\Source\Templates\gcc\startup_stm32f446xx.o
                0x08000254                RTC_Alarm_IRQHandler
                0x08000254                EXTI2_IRQHandler
                0x08000254                TIM8_CC_IRQHandler
                0x08000254                SPI4_IRQHandler
                0x08000254                TIM1_CC_IRQHandler
                0x08000254                DMA2_Stream5_IRQHandler
                0x08000254                DMA1_Stream5_IRQHandler
                0x08000254                PVD_IRQHandler
                0x08000254                SDIO_IRQHandler
                0x08000254                TAMP_STAMP_IRQHandler
                0x08000254                CAN2_RX1_IRQHandler
                0x08000254                EXTI3_IRQHandler
                0x08000254                TIM8_TRG_COM_TIM14_IRQHandler
                0x08000254                TIM1_UP_TIM10_IRQHandler
                0x08000254                I2C3_ER_IRQHandler
                0x08000254                FMPI2C1_Event_IRQHandler
                0x08000254                EXTI0_IRQHandler
                0x08000254                I2C2_EV_IRQHandler
                0x08000254                DMA1_Stream2_IRQHandler
                0x08000254                CAN1_RX0_IRQHandler
                0x08000254                FPU_IRQHandler
                0x08000254                OTG_HS_WKUP_IRQHandler
                0x08000254                CAN2_SCE_IRQHandler
                0x08000254                DMA2_Stream2_IRQHandler
                0x08000254                SPI1_IRQHandler
                0x08000254                TIM6_DAC_IRQHandler
                0x08000254                TIM1_BRK_TIM9_IRQHandler
                0x08000254                DCMI_IRQHandler
                0x08000254                CAN2_RX0_IRQHandler
                0x08000254                DMA2_Stream3_IRQHandler
                0x08000254                SAI2_IRQHandler
                0x08000254                USART6_IRQHandler
                0x08000254                USART3_IRQHandler
                0x08000254                CAN1_RX1_IRQHandler
                0x08000254                UART5_IRQHandler
                0x08000254                DMA2_Stream0_IRQHandler
                0x08000254                TIM4_IRQHandler
                0x08000254                QUADSPI_IRQHandler
                0x08000254                I2C1_EV_IRQHandler
                0x08000254                DMA1_Stream6_IRQHandler
                0x08000254                DMA1_Stream1_IRQHandler
                0x08000254                UART4_IRQHandler
                0x08000254                TIM3_IRQHandler
                0x08000254                RCC_IRQHandler
                0x08000254                TIM8_BRK_TIM12_IRQHandler
                0x08000254                Default_Handler
                0x08000254                CEC_IRQHandler
                0x08000254                EXTI15_10_IRQHandler
                0x08000254                ADC_IRQHandler
                0x08000254                DMA1_Stream7_IRQHandler
                0x08000254                TIM7_IRQHandler
                0x08000254                CAN2_TX_IRQHandler
                0x08000254                TIM5_IRQHandler
                0x08000254                DMA2_Stream7_IRQHandler
                0x08000254                I2C3_EV_IRQHandler
                0x08000254                EXTI9_5_IRQHandler
                0x08000254                RTC_WKUP_IRQHandler
                0x08000254                SPDIF_RX_IRQHandler
                0x08000254                SPI2_IRQHandler
                0x08000254                OTG_HS_EP1_IN_IRQHandler
                0x08000254                DMA1_Stream0_IRQHandler
                0x08000254                CAN1_TX_IRQHandler
                0x08000254                EXTI4_IRQHandler
                0x08000254                OTG_HS_EP1_OUT_IRQHandler
                0x08000254                WWDG_IRQHandler
                0x08000254                TIM2_IRQHandler
                0x08000254                OTG_FS_WKUP_IRQHandler
                0x08000254                TIM1_TRG_COM_TIM11_IRQHandler
                0x08000254                OTG_HS_IRQHandler
                0x08000254                EXTI1_IRQHandler
                0x08000254                USART2_IRQHandler
                0x08000254                I2C2_ER_IRQHandler
                0x08000254                DMA2_Stream1_IRQHandler
                0x08000254                CAN1_SCE_IRQHandler
                0x08000254                FLASH_IRQHandler
                0x08000254                DMA2_Stream4_IRQHandler
                0x08000254                USART1_IRQHandler
                0x08000254                OTG_FS_IRQHandler
                0x08000254                SPI3_IRQHandler
                0x08000254                DMA1_Stream4_IRQHandler
                0x08000254                I2C1_ER_IRQHandler
                0x08000254                FMC_IRQHandler
                0x08000254                DMA2_Stream6_IRQHandler
                0x08000254                SAI1_IRQHandler
                0x08000254                DMA1_Stream3_IRQHandler
                0x08000254                FMPI2C1_Error_IRQHandler
 *fill*         0x08000256        0x2 
 .text.SystemInit
                0x08000258       0x4c Drivers\CMSIS\Device\ST\STM32F4xx\Source\Templates\system_stm32f4xx.o
                0x08000258                SystemInit
 .text.HAL_InitTick
                0x080002a4       0x28 Drivers\STM32F4xx_HAL_Driver\Src\stm32f4xx_hal.o
                0x080002a4                HAL_InitTick
 .text.HAL_Init
                0x080002cc       0x34 Drivers\STM32F4xx_HAL_Driver\Src\stm32f4xx_hal.o
                0x080002cc                HAL_Init
 .text.HAL_IncTick
                0x08000300       0x10 Drivers\STM32F4xx_HAL_Driver\Src\stm32f4xx_hal.o
                0x08000300                HAL_IncTick
 .text.HAL_GetTick
                0x08000310        0xc Drivers\STM32F4xx_HAL_Driver\Src\stm32f4xx_hal.o
                0x08000310                HAL_GetTick
 .text.HAL_NVIC_SetPriorityGrouping
                0x0800031c       0x24 Drivers\STM32F4xx_HAL_Driver\Src\stm32f4xx_hal_cortex.o
                0x0800031c                HAL_NVIC_SetPriorityGrouping
 .text.HAL_NVIC_SetPriority
                0x08000340       0x68 Drivers\STM32F4xx_HAL_Driver\Src\stm32f4xx_hal_cortex.o
                0x08000340                HAL_NVIC_SetPriority
 .text.HAL_NVIC_EnableIRQ
                0x080003a8       0x18 Drivers\STM32F4xx_HAL_Driver\Src\stm32f4xx_hal_cortex.o
                0x080003a8                HAL_NVIC_EnableIRQ
 .text.HAL_SYSTICK_Config
                0x080003c0       0x2c Drivers\STM32F4xx_HAL_Driver\Src\stm32f4xx_hal_cortex.o
                0x080003c0                HAL_SYSTICK_Config
 .text.HAL_SYSTICK_CLKSourceConfig
                0x080003ec       0x18 Drivers\STM32F4xx_HAL_Driver\Src\stm32f4xx_hal_cortex.o
                0x080003ec                HAL_SYSTICK_CLKSourceConfig
 .text.HAL_SYSTICK_Callback
                0x08000404        0x2 Drivers\STM32F4xx_HAL_Driver\Src\stm32f4xx_hal_cortex.o
                0x08000404                HAL_SYSTICK_Callback
 .text.HAL_SYSTICK_IRQHandler
                0x08000406        0x8 Drivers\STM32F4xx_HAL_Driver\Src\stm32f4xx_hal_cortex.o
                0x08000406                HAL_SYSTICK_IRQHandler
 *fill*         0x0800040e        0x2 
 .text.HAL_GPIO_Init
                0x08000410      0x1b4 Drivers\STM32F4xx_HAL_Driver\Src\stm32f4xx_hal_gpio.o
                0x08000410                HAL_GPIO_Init
 .text.HAL_GPIO_WritePin
                0x080005c4        0x8 Drivers\STM32F4xx_HAL_Driver\Src\stm32f4xx_hal_gpio.o
                0x080005c4                HAL_GPIO_WritePin
 .text.HAL_GPIO_TogglePin
                0x080005cc        0x8 Drivers\STM32F4xx_HAL_Driver\Src\stm32f4xx_hal_gpio.o
                0x080005cc                HAL_GPIO_TogglePin
 .text.HAL_RCC_ClockConfig
                0x080005d4      0x168 Drivers\STM32F4xx_HAL_Driver\Src\stm32f4xx_hal_rcc.o
                0x080005d4                HAL_RCC_ClockConfig
 .text.HAL_RCC_GetHCLKFreq
                0x0800073c        0xc Drivers\STM32F4xx_HAL_Driver\Src\stm32f4xx_hal_rcc.o
                0x0800073c                HAL_RCC_GetHCLKFreq
 .text.HAL_RCC_GetPCLK1Freq
                0x08000748       0x30 Drivers\STM32F4xx_HAL_Driver\Src\stm32f4xx_hal_rcc.o
                0x08000748                HAL_RCC_GetPCLK1Freq
 .text.HAL_RCC_GetPCLK2Freq
                0x08000778       0x30 Drivers\STM32F4xx_HAL_Driver\Src\stm32f4xx_hal_rcc.o
                0x08000778                HAL_RCC_GetPCLK2Freq
 .text.HAL_RCC_OscConfig
                0x080007a8      0x304 Drivers\STM32F4xx_HAL_Driver\Src\stm32f4xx_hal_rcc_ex.o
                0x080007a8                HAL_RCC_OscConfig
 .text.HAL_RCC_GetSysClockFreq
                0x08000aac       0xd0 Drivers\STM32F4xx_HAL_Driver\Src\stm32f4xx_hal_rcc_ex.o
                0x08000aac                HAL_RCC_GetSysClockFreq
 .text.HAL_TIM_Base_Start_IT
                0x08000b7c       0x16 Drivers\STM32F4xx_HAL_Driver\Src\stm32f4xx_hal_tim.o
                0x08000b7c                HAL_TIM_Base_Start_IT
 .text.HAL_TIM_OC_DelayElapsedCallback
                0x08000b92        0x2 Drivers\STM32F4xx_HAL_Driver\Src\stm32f4xx_hal_tim.o
                0x08000b92                HAL_TIM_OC_DelayElapsedCallback
 .text.HAL_TIM_IC_CaptureCallback
                0x08000b94        0x2 Drivers\STM32F4xx_HAL_Driver\Src\stm32f4xx_hal_tim.o
                0x08000b94                HAL_TIM_IC_CaptureCallback
 .text.HAL_TIM_PWM_PulseFinishedCallback
                0x08000b96        0x2 Drivers\STM32F4xx_HAL_Driver\Src\stm32f4xx_hal_tim.o
                0x08000b96                HAL_TIM_PWM_PulseFinishedCallback
 .text.HAL_TIM_TriggerCallback
                0x08000b98        0x2 Drivers\STM32F4xx_HAL_Driver\Src\stm32f4xx_hal_tim.o
                0x08000b98                HAL_TIM_TriggerCallback
 .text.HAL_TIM_IRQHandler
                0x08000b9a      0x144 Drivers\STM32F4xx_HAL_Driver\Src\stm32f4xx_hal_tim.o
                0x08000b9a                HAL_TIM_IRQHandler
 *fill*         0x08000cde        0x2 
 .text.TIM_Base_SetConfig
                0x08000ce0       0xc8 Drivers\STM32F4xx_HAL_Driver\Src\stm32f4xx_hal_tim.o
                0x08000ce0                TIM_Base_SetConfig
 .text.HAL_TIM_Base_Init
                0x08000da8       0x34 Drivers\STM32F4xx_HAL_Driver\Src\stm32f4xx_hal_tim.o
                0x08000da8                HAL_TIM_Base_Init
 .text.HAL_TIMEx_CommutationCallback
                0x08000ddc        0x2 Drivers\STM32F4xx_HAL_Driver\Src\stm32f4xx_hal_tim_ex.o
                0x08000ddc                HAL_TIMEx_CommutationCallback
 .text.HAL_TIMEx_BreakCallback
                0x08000dde        0x2 Drivers\STM32F4xx_HAL_Driver\Src\stm32f4xx_hal_tim_ex.o
                0x08000dde                HAL_TIMEx_BreakCallback
 .text.UART_SetConfig
                0x08000de0      0x23c Drivers\STM32F4xx_HAL_Driver\Src\stm32f4xx_hal_uart.o
 .text.HAL_UART_Init
                0x0800101c       0x5c Drivers\STM32F4xx_HAL_Driver\Src\stm32f4xx_hal_uart.o
                0x0800101c                HAL_UART_Init
 .text.MX_GPIO_Init
                0x08001078       0x60 Src\gpio.o
                0x08001078                MX_GPIO_Init
 .text.SystemClock_Config
                0x080010d8       0x90 Src\main.o
                0x080010d8                SystemClock_Config
 .text.startup.main
                0x08001168       0x24 Src\main.o
                0x08001168                main
 .text.HAL_TIM_PeriodElapsedCallback
                0x0800118c       0x1c Src\main.o
                0x0800118c                HAL_TIM_PeriodElapsedCallback
 .text.Error_Handler
                0x080011a8        0x2 Src\main.o
                0x080011a8                Error_Handler
 .text.HAL_MspInit
                0x080011aa       0x60 Src\stm32f4xx_hal_msp.o
                0x080011aa                HAL_MspInit
 .text.NMI_Handler
                0x0800120a        0x2 Src\stm32f4xx_it.o
                0x0800120a                NMI_Handler
 .text.HardFault_Handler
                0x0800120c        0x2 Src\stm32f4xx_it.o
                0x0800120c                HardFault_Handler
 .text.MemManage_Handler
                0x0800120e        0x2 Src\stm32f4xx_it.o
                0x0800120e                MemManage_Handler
 .text.BusFault_Handler
                0x08001210        0x2 Src\stm32f4xx_it.o
                0x08001210                BusFault_Handler
 .text.UsageFault_Handler
                0x08001212        0x2 Src\stm32f4xx_it.o
                0x08001212                UsageFault_Handler
 .text.SVC_Handler
                0x08001214        0x2 Src\stm32f4xx_it.o
                0x08001214                SVC_Handler
 .text.DebugMon_Handler
                0x08001216        0x2 Src\stm32f4xx_it.o
                0x08001216                DebugMon_Handler
 .text.PendSV_Handler
                0x08001218        0x2 Src\stm32f4xx_it.o
                0x08001218                PendSV_Handler
 .text.SysTick_Handler
                0x0800121a        0xe Src\stm32f4xx_it.o
                0x0800121a                SysTick_Handler
 .text.TIM8_UP_TIM13_IRQHandler
                0x08001228        0xc Src\stm32f4xx_it.o
                0x08001228                TIM8_UP_TIM13_IRQHandler
 .text.MX_TIM13_Init
                0x08001234       0x30 Src\tim.o
                0x08001234                MX_TIM13_Init
 .text.HAL_TIM_Base_MspInit
                0x08001264       0x3c Src\tim.o
                0x08001264                HAL_TIM_Base_MspInit
 .text.MX_USART1_UART_Init
                0x080012a0       0x38 Src\usart.o
                0x080012a0                MX_USART1_UART_Init
 .text.HAL_UART_MspInit
                0x080012d8       0x54 Src\usart.o
                0x080012d8                HAL_UART_MspInit
 .text.__libc_init_array
                0x0800132c       0x4c c:/program files (x86)/atollic/truestudio for arm 6.0.0/armtools/bin/../lib/gcc/arm-atollic-eabi/5.3.1/../../../../arm-atollic-eabi/lib/armv7e-m/fpu\libc.a(lib_a-init.o)
                0x0800132c                __libc_init_array
 *(.glue_7)
 .glue_7        0x08001378        0x0 linker stubs
 *(.glue_7t)
 .glue_7t       0x08001378        0x0 linker stubs
 *(.eh_frame)
 .eh_frame      0x08001378        0x0 c:/program files (x86)/atollic/truestudio for arm 6.0.0/armtools/bin/../lib/gcc/arm-atollic-eabi/5.3.1/armv7e-m/fpu/crtbegin.o
 *(.init)
 .init          0x08001378        0x4 c:/program files (x86)/atollic/truestudio for arm 6.0.0/armtools/bin/../lib/gcc/arm-atollic-eabi/5.3.1/armv7e-m/fpu/crti.o
                0x08001378                _init
 .init          0x0800137c        0x8 c:/program files (x86)/atollic/truestudio for arm 6.0.0/armtools/bin/../lib/gcc/arm-atollic-eabi/5.3.1/armv7e-m/fpu/crtn.o
 *(.fini)
 .fini          0x08001384        0x4 c:/program files (x86)/atollic/truestudio for arm 6.0.0/armtools/bin/../lib/gcc/arm-atollic-eabi/5.3.1/armv7e-m/fpu/crti.o
                0x08001384                _fini
 .fini          0x08001388        0x8 c:/program files (x86)/atollic/truestudio for arm 6.0.0/armtools/bin/../lib/gcc/arm-atollic-eabi/5.3.1/armv7e-m/fpu/crtn.o
                0x08001390                . = ALIGN (0x4)
                0x08001390                _etext = .

.vfp11_veneer   0x08001390        0x0
 .vfp11_veneer  0x08001390        0x0 linker stubs

.v4_bx          0x08001390        0x0
 .v4_bx         0x08001390        0x0 linker stubs

.iplt           0x08001390        0x0
 .iplt          0x08001390        0x0 c:/program files (x86)/atollic/truestudio for arm 6.0.0/armtools/bin/../lib/gcc/arm-atollic-eabi/5.3.1/armv7e-m/fpu/crtbegin.o

.rodata         0x08001390       0x10
                0x08001390                . = ALIGN (0x4)
 *(.rodata)
 *(.rodata*)
 .rodata.APBAHBPrescTable
                0x08001390       0x10 Drivers\STM32F4xx_HAL_Driver\Src\stm32f4xx_hal_rcc.o
                0x08001390                APBAHBPrescTable
                0x080013a0                . = ALIGN (0x4)

.rel.dyn        0x080013a0        0x0
 .rel.iplt      0x080013a0        0x0 c:/program files (x86)/atollic/truestudio for arm 6.0.0/armtools/bin/../lib/gcc/arm-atollic-eabi/5.3.1/armv7e-m/fpu/crtbegin.o

.ARM.extab
 *(.ARM.extab* .gnu.linkonce.armextab.*)

.ARM            0x080013a0        0x0
                0x080013a0                __exidx_start = .
 *(.ARM.exidx*)
                0x080013a0                __exidx_end = .

.preinit_array  0x080013a0        0x0
                0x080013a0                PROVIDE (__preinit_array_start, .)
 *(.preinit_array*)
                0x080013a0                PROVIDE (__preinit_array_end, .)

.init_array     0x080013a0        0x4
                0x080013a0                PROVIDE (__init_array_start, .)
 *(SORT(.init_array.*))
 *(.init_array*)
 .init_array    0x080013a0        0x4 c:/program files (x86)/atollic/truestudio for arm 6.0.0/armtools/bin/../lib/gcc/arm-atollic-eabi/5.3.1/armv7e-m/fpu/crtbegin.o
                0x080013a4                PROVIDE (__init_array_end, .)

.fini_array     0x080013a4        0x4
                [!provide]                PROVIDE (__fini_array_start, .)
 *(SORT(.fini_array.*))
 *(.fini_array*)
 .fini_array    0x080013a4        0x4 c:/program files (x86)/atollic/truestudio for arm 6.0.0/armtools/bin/../lib/gcc/arm-atollic-eabi/5.3.1/armv7e-m/fpu/crtbegin.o
                [!provide]                PROVIDE (__fini_array_end, .)
                0x080013a8                _sidata = LOADADDR (.data)

.data           0x20000000        0x4 load address 0x080013a8
                0x20000000                . = ALIGN (0x4)
                0x20000000                _sdata = .
 *(.data)
 *(.data*)
 .data.SystemCoreClock
                0x20000000        0x4 Drivers\CMSIS\Device\ST\STM32F4xx\Source\Templates\system_stm32f4xx.o
                0x20000000                SystemCoreClock
                0x20000004                . = ALIGN (0x4)
                0x20000004                _edata = .

.igot.plt       0x20000004        0x0 load address 0x080013ac
 .igot.plt      0x20000004        0x0 c:/program files (x86)/atollic/truestudio for arm 6.0.0/armtools/bin/../lib/gcc/arm-atollic-eabi/5.3.1/armv7e-m/fpu/crtbegin.o
                0x20000004                . = ALIGN (0x4)

.bss            0x20000004       0x9c load address 0x080013ac
                0x20000004                _sbss = .
                0x20000004                __bss_start__ = _sbss
 *(.bss)
 .bss           0x20000004       0x1c c:/program files (x86)/atollic/truestudio for arm 6.0.0/armtools/bin/../lib/gcc/arm-atollic-eabi/5.3.1/armv7e-m/fpu/crtbegin.o
 *(.bss*)
 *(COMMON)
 COMMON         0x20000020        0x4 Drivers\STM32F4xx_HAL_Driver\Src\stm32f4xx_hal.o
                0x20000020                uwTick
 COMMON         0x20000024       0x3c Src\tim.o
                0x20000024                htim13
 COMMON         0x20000060       0x40 Src\usart.o
                0x20000060                huart1
                0x200000a0                . = ALIGN (0x4)
                0x200000a0                _ebss = .
                0x200000a0                __bss_end__ = _ebss

._user_heap_stack
                0x200000a0      0x600 load address 0x080013ac
                0x200000a0                . = ALIGN (0x4)
                [!provide]                PROVIDE (end, .)
                [!provide]                PROVIDE (_end, .)
                0x200002a0                . = (. + _Min_Heap_Size)
 *fill*         0x200000a0      0x200 
                0x200006a0                . = (. + _Min_Stack_Size)
 *fill*         0x200002a0      0x400 
                0x200006a0                . = ALIGN (0x4)

/DISCARD/
 libc.a(*)
 libm.a(*)
 libgcc.a(*)

.ARM.attributes
                0x00000000       0x30
 *(.ARM.attributes)
 .ARM.attributes
                0x00000000       0x22 c:/program files (x86)/atollic/truestudio for arm 6.0.0/armtools/bin/../lib/gcc/arm-atollic-eabi/5.3.1/armv7e-m/fpu/crti.o
 .ARM.attributes
                0x00000022       0x34 c:/program files (x86)/atollic/truestudio for arm 6.0.0/armtools/bin/../lib/gcc/arm-atollic-eabi/5.3.1/armv7e-m/fpu/crtbegin.o
 .ARM.attributes
                0x00000056       0x21 Drivers\CMSIS\Device\ST\STM32F4xx\Source\Templates\gcc\startup_stm32f446xx.o
 .ARM.attributes
                0x00000077       0x39 Drivers\CMSIS\Device\ST\STM32F4xx\Source\Templates\system_stm32f4xx.o
 .ARM.attributes
                0x000000b0       0x39 Drivers\STM32F4xx_HAL_Driver\Src\stm32f4xx_hal.o
 .ARM.attributes
                0x000000e9       0x39 Drivers\STM32F4xx_HAL_Driver\Src\stm32f4xx_hal_cortex.o
 .ARM.attributes
                0x00000122       0x39 Drivers\STM32F4xx_HAL_Driver\Src\stm32f4xx_hal_gpio.o
 .ARM.attributes
                0x0000015b       0x39 Drivers\STM32F4xx_HAL_Driver\Src\stm32f4xx_hal_rcc.o
 .ARM.attributes
                0x00000194       0x39 Drivers\STM32F4xx_HAL_Driver\Src\stm32f4xx_hal_rcc_ex.o
 .ARM.attributes
                0x000001cd       0x39 Drivers\STM32F4xx_HAL_Driver\Src\stm32f4xx_hal_tim.o
 .ARM.attributes
                0x00000206       0x39 Drivers\STM32F4xx_HAL_Driver\Src\stm32f4xx_hal_tim_ex.o
 .ARM.attributes
                0x0000023f       0x39 Drivers\STM32F4xx_HAL_Driver\Src\stm32f4xx_hal_uart.o
 .ARM.attributes
                0x00000278       0x39 Src\gpio.o
 .ARM.attributes
                0x000002b1       0x39 Src\main.o
 .ARM.attributes
                0x000002ea       0x39 Src\stm32f4xx_hal_msp.o
 .ARM.attributes
                0x00000323       0x39 Src\stm32f4xx_it.o
 .ARM.attributes
                0x0000035c       0x39 Src\tim.o
 .ARM.attributes
                0x00000395       0x39 Src\usart.o
 .ARM.attributes
                0x000003ce       0x34 c:/program files (x86)/atollic/truestudio for arm 6.0.0/armtools/bin/../lib/gcc/arm-atollic-eabi/5.3.1/../../../../arm-atollic-eabi/lib/armv7e-m/fpu\libc.a(lib_a-init.o)
 .ARM.attributes
                0x00000402       0x22 c:/program files (x86)/atollic/truestudio for arm 6.0.0/armtools/bin/../lib/gcc/arm-atollic-eabi/5.3.1/armv7e-m/fpu/crtn.o
OUTPUT(soft_pwm.elf elf32-littlearm)

.debug_line     0x00000000     0x498e
 .debug_line    0x00000000       0xae Drivers\CMSIS\Device\ST\STM32F4xx\Source\Templates\gcc\startup_stm32f446xx.o
 .debug_line    0x000000ae      0x1f2 Drivers\CMSIS\Device\ST\STM32F4xx\Source\Templates\system_stm32f4xx.o
 .debug_line    0x000002a0      0x3ab Drivers\STM32F4xx_HAL_Driver\Src\stm32f4xx_hal.o
 .debug_line    0x0000064b      0x3f2 Drivers\STM32F4xx_HAL_Driver\Src\stm32f4xx_hal_cortex.o
 .debug_line    0x00000a3d      0x3c5 Drivers\STM32F4xx_HAL_Driver\Src\stm32f4xx_hal_gpio.o
 .debug_line    0x00000e02      0x56e Drivers\STM32F4xx_HAL_Driver\Src\stm32f4xx_hal_rcc.o
 .debug_line    0x00001370      0x808 Drivers\STM32F4xx_HAL_Driver\Src\stm32f4xx_hal_rcc_ex.o
 .debug_line    0x00001b78     0x1087 Drivers\STM32F4xx_HAL_Driver\Src\stm32f4xx_hal_tim.o
 .debug_line    0x00002bff      0x620 Drivers\STM32F4xx_HAL_Driver\Src\stm32f4xx_hal_tim_ex.o
 .debug_line    0x0000321f      0x9c4 Drivers\STM32F4xx_HAL_Driver\Src\stm32f4xx_hal_uart.o
 .debug_line    0x00003be3      0x1cf Src\gpio.o
 .debug_line    0x00003db2      0x2d9 Src\main.o
 .debug_line    0x0000408b      0x1d8 Src\stm32f4xx_hal_msp.o
 .debug_line    0x00004263      0x287 Src\stm32f4xx_it.o
 .debug_line    0x000044ea      0x249 Src\tim.o
 .debug_line    0x00004733      0x25b Src\usart.o

.debug_info     0x00000000     0xc63a
 .debug_info    0x00000000       0xbf Drivers\CMSIS\Device\ST\STM32F4xx\Source\Templates\gcc\startup_stm32f446xx.o
 .debug_info    0x000000bf      0x50a Drivers\CMSIS\Device\ST\STM32F4xx\Source\Templates\system_stm32f4xx.o
 .debug_info    0x000005c9      0x92e Drivers\STM32F4xx_HAL_Driver\Src\stm32f4xx_hal.o
 .debug_info    0x00000ef7      0xe99 Drivers\STM32F4xx_HAL_Driver\Src\stm32f4xx_hal_cortex.o
 .debug_info    0x00001d90      0x77b Drivers\STM32F4xx_HAL_Driver\Src\stm32f4xx_hal_gpio.o
 .debug_info    0x0000250b      0xcd3 Drivers\STM32F4xx_HAL_Driver\Src\stm32f4xx_hal_rcc.o
 .debug_info    0x000031de     0x12fc Drivers\STM32F4xx_HAL_Driver\Src\stm32f4xx_hal_rcc_ex.o
 .debug_info    0x000044da     0x2ea6 Drivers\STM32F4xx_HAL_Driver\Src\stm32f4xx_hal_tim.o
 .debug_info    0x00007380      0xf6b Drivers\STM32F4xx_HAL_Driver\Src\stm32f4xx_hal_tim_ex.o
 .debug_info    0x000082eb     0x128c Drivers\STM32F4xx_HAL_Driver\Src\stm32f4xx_hal_uart.o
 .debug_info    0x00009577      0x462 Src\gpio.o
 .debug_info    0x000099d9      0xde9 Src\main.o
 .debug_info    0x0000a7c2      0x40e Src\stm32f4xx_hal_msp.o
 .debug_info    0x0000abd0      0x648 Src\stm32f4xx_it.o
 .debug_info    0x0000b218      0xae5 Src\tim.o
 .debug_info    0x0000bcfd      0x93d Src\usart.o

.debug_abbrev   0x00000000     0x1f8f
 .debug_abbrev  0x00000000       0x12 Drivers\CMSIS\Device\ST\STM32F4xx\Source\Templates\gcc\startup_stm32f446xx.o
 .debug_abbrev  0x00000012      0x101 Drivers\CMSIS\Device\ST\STM32F4xx\Source\Templates\system_stm32f4xx.o
 .debug_abbrev  0x00000113      0x244 Drivers\STM32F4xx_HAL_Driver\Src\stm32f4xx_hal.o
 .debug_abbrev  0x00000357      0x32f Drivers\STM32F4xx_HAL_Driver\Src\stm32f4xx_hal_cortex.o
 .debug_abbrev  0x00000686      0x1c8 Drivers\STM32F4xx_HAL_Driver\Src\stm32f4xx_hal_gpio.o
 .debug_abbrev  0x0000084e      0x31e Drivers\STM32F4xx_HAL_Driver\Src\stm32f4xx_hal_rcc.o
 .debug_abbrev  0x00000b6c      0x266 Drivers\STM32F4xx_HAL_Driver\Src\stm32f4xx_hal_rcc_ex.o
 .debug_abbrev  0x00000dd2      0x311 Drivers\STM32F4xx_HAL_Driver\Src\stm32f4xx_hal_tim.o
 .debug_abbrev  0x000010e3      0x270 Drivers\STM32F4xx_HAL_Driver\Src\stm32f4xx_hal_tim_ex.o
 .debug_abbrev  0x00001353      0x2ec Drivers\STM32F4xx_HAL_Driver\Src\stm32f4xx_hal_uart.o
 .debug_abbrev  0x0000163f      0x143 Src\gpio.o
 .debug_abbrev  0x00001782      0x217 Src\main.o
 .debug_abbrev  0x00001999       0xc2 Src\stm32f4xx_hal_msp.o
 .debug_abbrev  0x00001a5b      0x1ad Src\stm32f4xx_it.o
 .debug_abbrev  0x00001c08      0x1c8 Src\tim.o
 .debug_abbrev  0x00001dd0      0x1bf Src\usart.o

.debug_aranges  0x00000000      0x858
 .debug_aranges
                0x00000000       0x28 Drivers\CMSIS\Device\ST\STM32F4xx\Source\Templates\gcc\startup_stm32f446xx.o
 .debug_aranges
                0x00000028       0x28 Drivers\CMSIS\Device\ST\STM32F4xx\Source\Templates\system_stm32f4xx.o
 .debug_aranges
                0x00000050       0xb8 Drivers\STM32F4xx_HAL_Driver\Src\stm32f4xx_hal.o
 .debug_aranges
                0x00000108       0x98 Drivers\STM32F4xx_HAL_Driver\Src\stm32f4xx_hal_cortex.o
 .debug_aranges
                0x000001a0       0x58 Drivers\STM32F4xx_HAL_Driver\Src\stm32f4xx_hal_gpio.o
 .debug_aranges
                0x000001f8       0x80 Drivers\STM32F4xx_HAL_Driver\Src\stm32f4xx_hal_rcc.o
 .debug_aranges
                0x00000278       0x58 Drivers\STM32F4xx_HAL_Driver\Src\stm32f4xx_hal_rcc_ex.o
 .debug_aranges
                0x000002d0      0x250 Drivers\STM32F4xx_HAL_Driver\Src\stm32f4xx_hal_tim.o
 .debug_aranges
                0x00000520       0xf0 Drivers\STM32F4xx_HAL_Driver\Src\stm32f4xx_hal_tim_ex.o
 .debug_aranges
                0x00000610      0x120 Drivers\STM32F4xx_HAL_Driver\Src\stm32f4xx_hal_uart.o
 .debug_aranges
                0x00000730       0x20 Src\gpio.o
 .debug_aranges
                0x00000750       0x38 Src\main.o
 .debug_aranges
                0x00000788       0x20 Src\stm32f4xx_hal_msp.o
 .debug_aranges
                0x000007a8       0x50 Src\stm32f4xx_it.o
 .debug_aranges
                0x000007f8       0x30 Src\tim.o
 .debug_aranges
                0x00000828       0x30 Src\usart.o

.debug_ranges   0x00000000      0xd58
 .debug_ranges  0x00000000       0x20 Drivers\CMSIS\Device\ST\STM32F4xx\Source\Templates\gcc\startup_stm32f446xx.o
 .debug_ranges  0x00000020       0x18 Drivers\CMSIS\Device\ST\STM32F4xx\Source\Templates\system_stm32f4xx.o
 .debug_ranges  0x00000038       0xa8 Drivers\STM32F4xx_HAL_Driver\Src\stm32f4xx_hal.o
 .debug_ranges  0x000000e0      0x148 Drivers\STM32F4xx_HAL_Driver\Src\stm32f4xx_hal_cortex.o
 .debug_ranges  0x00000228       0x70 Drivers\STM32F4xx_HAL_Driver\Src\stm32f4xx_hal_gpio.o
 .debug_ranges  0x00000298      0x150 Drivers\STM32F4xx_HAL_Driver\Src\stm32f4xx_hal_rcc.o
 .debug_ranges  0x000003e8      0x2d0 Drivers\STM32F4xx_HAL_Driver\Src\stm32f4xx_hal_rcc_ex.o
 .debug_ranges  0x000006b8      0x330 Drivers\STM32F4xx_HAL_Driver\Src\stm32f4xx_hal_tim.o
 .debug_ranges  0x000009e8       0xe0 Drivers\STM32F4xx_HAL_Driver\Src\stm32f4xx_hal_tim_ex.o
 .debug_ranges  0x00000ac8      0x128 Drivers\STM32F4xx_HAL_Driver\Src\stm32f4xx_hal_uart.o
 .debug_ranges  0x00000bf0       0x40 Src\gpio.o
 .debug_ranges  0x00000c30       0x68 Src\main.o
 .debug_ranges  0x00000c98       0x10 Src\stm32f4xx_hal_msp.o
 .debug_ranges  0x00000ca8       0x40 Src\stm32f4xx_it.o
 .debug_ranges  0x00000ce8       0x38 Src\tim.o
 .debug_ranges  0x00000d20       0x38 Src\usart.o

.debug_loc      0x00000000     0x666f
 .debug_loc     0x00000000       0xd7 Drivers\CMSIS\Device\ST\STM32F4xx\Source\Templates\system_stm32f4xx.o
 .debug_loc     0x000000d7       0x92 Drivers\STM32F4xx_HAL_Driver\Src\stm32f4xx_hal.o
 .debug_loc     0x00000169      0x4ab Drivers\STM32F4xx_HAL_Driver\Src\stm32f4xx_hal_cortex.o
 .debug_loc     0x00000614      0x374 Drivers\STM32F4xx_HAL_Driver\Src\stm32f4xx_hal_gpio.o
 .debug_loc     0x00000988      0x49b Drivers\STM32F4xx_HAL_Driver\Src\stm32f4xx_hal_rcc.o
 .debug_loc     0x00000e23      0xcf3 Drivers\STM32F4xx_HAL_Driver\Src\stm32f4xx_hal_rcc_ex.o
 .debug_loc     0x00001b16     0x3146 Drivers\STM32F4xx_HAL_Driver\Src\stm32f4xx_hal_tim.o
 .debug_loc     0x00004c5c      0x7b9 Drivers\STM32F4xx_HAL_Driver\Src\stm32f4xx_hal_tim_ex.o
 .debug_loc     0x00005415     0x1194 Drivers\STM32F4xx_HAL_Driver\Src\stm32f4xx_hal_uart.o
 .debug_loc     0x000065a9       0x2c Src\main.o
 .debug_loc     0x000065d5       0x4d Src\tim.o
 .debug_loc     0x00006622       0x4d Src\usart.o

.debug_str      0x00000000     0x301b
 .debug_str     0x00000000      0x39b Drivers\CMSIS\Device\ST\STM32F4xx\Source\Templates\system_stm32f4xx.o
                                0x400 (size before relaxing)
 .debug_str     0x0000039b      0x7f1 Drivers\STM32F4xx_HAL_Driver\Src\stm32f4xx_hal.o
                                0xb23 (size before relaxing)
 .debug_str     0x00000b8c      0x346 Drivers\STM32F4xx_HAL_Driver\Src\stm32f4xx_hal_cortex.o
                                0xc5e (size before relaxing)
 .debug_str     0x00000ed2      0x1de Drivers\STM32F4xx_HAL_Driver\Src\stm32f4xx_hal_gpio.o
                                0x54f (size before relaxing)
 .debug_str     0x000010b0      0x2bb Drivers\STM32F4xx_HAL_Driver\Src\stm32f4xx_hal_rcc.o
                                0x720 (size before relaxing)
 .debug_str     0x0000136b      0x2df Drivers\STM32F4xx_HAL_Driver\Src\stm32f4xx_hal_rcc_ex.o
                                0x78f (size before relaxing)
 .debug_str     0x0000164a      0xeac Drivers\STM32F4xx_HAL_Driver\Src\stm32f4xx_hal_tim.o
                               0x1155 (size before relaxing)
 .debug_str     0x000024f6      0x432 Drivers\STM32F4xx_HAL_Driver\Src\stm32f4xx_hal_tim_ex.o
                                0xba4 (size before relaxing)
 .debug_str     0x00002928      0x513 Drivers\STM32F4xx_HAL_Driver\Src\stm32f4xx_hal_uart.o
                                0xa4d (size before relaxing)
 .debug_str     0x00002e3b       0x1b Src\gpio.o
                                0x3d6 (size before relaxing)
 .debug_str     0x00002e56       0x7b Src\main.o
                                0xf14 (size before relaxing)
 .debug_str     0x00002ed1       0x27 Src\stm32f4xx_hal_msp.o
                                0x75e (size before relaxing)
 .debug_str     0x00002ef8       0x96 Src\stm32f4xx_it.o
                                0x6b6 (size before relaxing)
 .debug_str     0x00002f8e       0x48 Src\tim.o
                                0xd19 (size before relaxing)
 .debug_str     0x00002fd6       0x45 Src\usart.o
                                0x82c (size before relaxing)

.comment        0x00000000       0x7e
 .comment       0x00000000       0x7e Drivers\CMSIS\Device\ST\STM32F4xx\Source\Templates\system_stm32f4xx.o
                                 0x7f (size before relaxing)
 .comment       0x0000007e       0x7f Drivers\STM32F4xx_HAL_Driver\Src\stm32f4xx_hal.o
 .comment       0x0000007e       0x7f Drivers\STM32F4xx_HAL_Driver\Src\stm32f4xx_hal_cortex.o
 .comment       0x0000007e       0x7f Drivers\STM32F4xx_HAL_Driver\Src\stm32f4xx_hal_gpio.o
 .comment       0x0000007e       0x7f Drivers\STM32F4xx_HAL_Driver\Src\stm32f4xx_hal_rcc.o
 .comment       0x0000007e       0x7f Drivers\STM32F4xx_HAL_Driver\Src\stm32f4xx_hal_rcc_ex.o
 .comment       0x0000007e       0x7f Drivers\STM32F4xx_HAL_Driver\Src\stm32f4xx_hal_tim.o
 .comment       0x0000007e       0x7f Drivers\STM32F4xx_HAL_Driver\Src\stm32f4xx_hal_tim_ex.o
 .comment       0x0000007e       0x7f Drivers\STM32F4xx_HAL_Driver\Src\stm32f4xx_hal_uart.o
 .comment       0x0000007e       0x7f Src\gpio.o
 .comment       0x0000007e       0x7f Src\main.o
 .comment       0x0000007e       0x7f Src\stm32f4xx_hal_msp.o
 .comment       0x0000007e       0x7f Src\stm32f4xx_it.o
 .comment       0x0000007e       0x7f Src\tim.o
 .comment       0x0000007e       0x7f Src\usart.o

.debug_frame    0x00000000     0x1720
 .debug_frame   0x00000000       0x30 Drivers\CMSIS\Device\ST\STM32F4xx\Source\Templates\system_stm32f4xx.o
 .debug_frame   0x00000030      0x184 Drivers\STM32F4xx_HAL_Driver\Src\stm32f4xx_hal.o
 .debug_frame   0x000001b4      0x130 Drivers\STM32F4xx_HAL_Driver\Src\stm32f4xx_hal_cortex.o
 .debug_frame   0x000002e4       0xd4 Drivers\STM32F4xx_HAL_Driver\Src\stm32f4xx_hal_gpio.o
 .debug_frame   0x000003b8      0x138 Drivers\STM32F4xx_HAL_Driver\Src\stm32f4xx_hal_rcc.o
 .debug_frame   0x000004f0       0xd8 Drivers\STM32F4xx_HAL_Driver\Src\stm32f4xx_hal_rcc_ex.o
 .debug_frame   0x000005c8      0x854 Drivers\STM32F4xx_HAL_Driver\Src\stm32f4xx_hal_tim.o
 .debug_frame   0x00000e1c      0x334 Drivers\STM32F4xx_HAL_Driver\Src\stm32f4xx_hal_tim_ex.o
 .debug_frame   0x00001150      0x374 Drivers\STM32F4xx_HAL_Driver\Src\stm32f4xx_hal_uart.o
 .debug_frame   0x000014c4       0x30 Src\gpio.o
 .debug_frame   0x000014f4       0x68 Src\main.o
 .debug_frame   0x0000155c       0x2c Src\stm32f4xx_hal_msp.o
 .debug_frame   0x00001588       0xbc Src\stm32f4xx_it.o
 .debug_frame   0x00001644       0x58 Src\tim.o
 .debug_frame   0x0000169c       0x58 Src\usart.o
 .debug_frame   0x000016f4       0x2c c:/program files (x86)/atollic/truestudio for arm 6.0.0/armtools/bin/../lib/gcc/arm-atollic-eabi/5.3.1/../../../../arm-atollic-eabi/lib/armv7e-m/fpu\libc.a(lib_a-init.o)

Cross Reference Table

Symbol                                            File
ADC_IRQHandler                                    Drivers\CMSIS\Device\ST\STM32F4xx\Source\Templates\gcc\startup_stm32f446xx.o
AHBPrescTable                                     Drivers\CMSIS\Device\ST\STM32F4xx\Source\Templates\system_stm32f4xx.o
APBAHBPrescTable                                  Drivers\STM32F4xx_HAL_Driver\Src\stm32f4xx_hal_rcc.o
BusFault_Handler                                  Src\stm32f4xx_it.o
                                                  Drivers\CMSIS\Device\ST\STM32F4xx\Source\Templates\gcc\startup_stm32f446xx.o
CAN1_RX0_IRQHandler                               Drivers\CMSIS\Device\ST\STM32F4xx\Source\Templates\gcc\startup_stm32f446xx.o
CAN1_RX1_IRQHandler                               Drivers\CMSIS\Device\ST\STM32F4xx\Source\Templates\gcc\startup_stm32f446xx.o
CAN1_SCE_IRQHandler                               Drivers\CMSIS\Device\ST\STM32F4xx\Source\Templates\gcc\startup_stm32f446xx.o
CAN1_TX_IRQHandler                                Drivers\CMSIS\Device\ST\STM32F4xx\Source\Templates\gcc\startup_stm32f446xx.o
CAN2_RX0_IRQHandler                               Drivers\CMSIS\Device\ST\STM32F4xx\Source\Templates\gcc\startup_stm32f446xx.o
CAN2_RX1_IRQHandler                               Drivers\CMSIS\Device\ST\STM32F4xx\Source\Templates\gcc\startup_stm32f446xx.o
CAN2_SCE_IRQHandler                               Drivers\CMSIS\Device\ST\STM32F4xx\Source\Templates\gcc\startup_stm32f446xx.o
CAN2_TX_IRQHandler                                Drivers\CMSIS\Device\ST\STM32F4xx\Source\Templates\gcc\startup_stm32f446xx.o
CEC_IRQHandler                                    Drivers\CMSIS\Device\ST\STM32F4xx\Source\Templates\gcc\startup_stm32f446xx.o
DCMI_IRQHandler                                   Drivers\CMSIS\Device\ST\STM32F4xx\Source\Templates\gcc\startup_stm32f446xx.o
DMA1_Stream0_IRQHandler                           Drivers\CMSIS\Device\ST\STM32F4xx\Source\Templates\gcc\startup_stm32f446xx.o
DMA1_Stream1_IRQHandler                           Drivers\CMSIS\Device\ST\STM32F4xx\Source\Templates\gcc\startup_stm32f446xx.o
DMA1_Stream2_IRQHandler                           Drivers\CMSIS\Device\ST\STM32F4xx\Source\Templates\gcc\startup_stm32f446xx.o
DMA1_Stream3_IRQHandler                           Drivers\CMSIS\Device\ST\STM32F4xx\Source\Templates\gcc\startup_stm32f446xx.o
DMA1_Stream4_IRQHandler                           Drivers\CMSIS\Device\ST\STM32F4xx\Source\Templates\gcc\startup_stm32f446xx.o
DMA1_Stream5_IRQHandler                           Drivers\CMSIS\Device\ST\STM32F4xx\Source\Templates\gcc\startup_stm32f446xx.o
DMA1_Stream6_IRQHandler                           Drivers\CMSIS\Device\ST\STM32F4xx\Source\Templates\gcc\startup_stm32f446xx.o
DMA1_Stream7_IRQHandler                           Drivers\CMSIS\Device\ST\STM32F4xx\Source\Templates\gcc\startup_stm32f446xx.o
DMA2_Stream0_IRQHandler                           Drivers\CMSIS\Device\ST\STM32F4xx\Source\Templates\gcc\startup_stm32f446xx.o
DMA2_Stream1_IRQHandler                           Drivers\CMSIS\Device\ST\STM32F4xx\Source\Templates\gcc\startup_stm32f446xx.o
DMA2_Stream2_IRQHandler                           Drivers\CMSIS\Device\ST\STM32F4xx\Source\Templates\gcc\startup_stm32f446xx.o
DMA2_Stream3_IRQHandler                           Drivers\CMSIS\Device\ST\STM32F4xx\Source\Templates\gcc\startup_stm32f446xx.o
DMA2_Stream4_IRQHandler                           Drivers\CMSIS\Device\ST\STM32F4xx\Source\Templates\gcc\startup_stm32f446xx.o
DMA2_Stream5_IRQHandler                           Drivers\CMSIS\Device\ST\STM32F4xx\Source\Templates\gcc\startup_stm32f446xx.o
DMA2_Stream6_IRQHandler                           Drivers\CMSIS\Device\ST\STM32F4xx\Source\Templates\gcc\startup_stm32f446xx.o
DMA2_Stream7_IRQHandler                           Drivers\CMSIS\Device\ST\STM32F4xx\Source\Templates\gcc\startup_stm32f446xx.o
DebugMon_Handler                                  Src\stm32f4xx_it.o
                                                  Drivers\CMSIS\Device\ST\STM32F4xx\Source\Templates\gcc\startup_stm32f446xx.o
Default_Handler                                   Drivers\CMSIS\Device\ST\STM32F4xx\Source\Templates\gcc\startup_stm32f446xx.o
EXTI0_IRQHandler                                  Drivers\CMSIS\Device\ST\STM32F4xx\Source\Templates\gcc\startup_stm32f446xx.o
EXTI15_10_IRQHandler                              Drivers\CMSIS\Device\ST\STM32F4xx\Source\Templates\gcc\startup_stm32f446xx.o
EXTI1_IRQHandler                                  Drivers\CMSIS\Device\ST\STM32F4xx\Source\Templates\gcc\startup_stm32f446xx.o
EXTI2_IRQHandler                                  Drivers\CMSIS\Device\ST\STM32F4xx\Source\Templates\gcc\startup_stm32f446xx.o
EXTI3_IRQHandler                                  Drivers\CMSIS\Device\ST\STM32F4xx\Source\Templates\gcc\startup_stm32f446xx.o
EXTI4_IRQHandler                                  Drivers\CMSIS\Device\ST\STM32F4xx\Source\Templates\gcc\startup_stm32f446xx.o
EXTI9_5_IRQHandler                                Drivers\CMSIS\Device\ST\STM32F4xx\Source\Templates\gcc\startup_stm32f446xx.o
Error_Handler                                     Src\main.o
                                                  Src\usart.o
                                                  Src\tim.o
FLASH_Erase_Sector                                Drivers\STM32F4xx_HAL_Driver\Src\stm32f4xx_hal_flash_ex.o
                                                  Drivers\STM32F4xx_HAL_Driver\Src\stm32f4xx_hal_flash.o
FLASH_FlushCaches                                 Drivers\STM32F4xx_HAL_Driver\Src\stm32f4xx_hal_flash_ex.o
                                                  Drivers\STM32F4xx_HAL_Driver\Src\stm32f4xx_hal_flash.o
FLASH_IRQHandler                                  Drivers\CMSIS\Device\ST\STM32F4xx\Source\Templates\gcc\startup_stm32f446xx.o
FLASH_WaitForLastOperation                        Drivers\STM32F4xx_HAL_Driver\Src\stm32f4xx_hal_flash.o
                                                  Drivers\STM32F4xx_HAL_Driver\Src\stm32f4xx_hal_flash_ex.o
FMC_IRQHandler                                    Drivers\CMSIS\Device\ST\STM32F4xx\Source\Templates\gcc\startup_stm32f446xx.o
FMPI2C1_Error_IRQHandler                          Drivers\CMSIS\Device\ST\STM32F4xx\Source\Templates\gcc\startup_stm32f446xx.o
FMPI2C1_Event_IRQHandler                          Drivers\CMSIS\Device\ST\STM32F4xx\Source\Templates\gcc\startup_stm32f446xx.o
FPU_IRQHandler                                    Drivers\CMSIS\Device\ST\STM32F4xx\Source\Templates\gcc\startup_stm32f446xx.o
HAL_DBGMCU_DisableDBGSleepMode                    Drivers\STM32F4xx_HAL_Driver\Src\stm32f4xx_hal.o
HAL_DBGMCU_DisableDBGStandbyMode                  Drivers\STM32F4xx_HAL_Driver\Src\stm32f4xx_hal.o
HAL_DBGMCU_DisableDBGStopMode                     Drivers\STM32F4xx_HAL_Driver\Src\stm32f4xx_hal.o
HAL_DBGMCU_EnableDBGSleepMode                     Drivers\STM32F4xx_HAL_Driver\Src\stm32f4xx_hal.o
HAL_DBGMCU_EnableDBGStandbyMode                   Drivers\STM32F4xx_HAL_Driver\Src\stm32f4xx_hal.o
HAL_DBGMCU_EnableDBGStopMode                      Drivers\STM32F4xx_HAL_Driver\Src\stm32f4xx_hal.o
HAL_DMAEx_ChangeMemory                            Drivers\STM32F4xx_HAL_Driver\Src\stm32f4xx_hal_dma_ex.o
HAL_DMAEx_MultiBufferStart                        Drivers\STM32F4xx_HAL_Driver\Src\stm32f4xx_hal_dma_ex.o
HAL_DMAEx_MultiBufferStart_IT                     Drivers\STM32F4xx_HAL_Driver\Src\stm32f4xx_hal_dma_ex.o
HAL_DMA_Abort                                     Drivers\STM32F4xx_HAL_Driver\Src\stm32f4xx_hal_dma.o
                                                  Drivers\STM32F4xx_HAL_Driver\Src\stm32f4xx_hal_uart.o
                                                  Drivers\STM32F4xx_HAL_Driver\Src\stm32f4xx_hal_tim.o
HAL_DMA_Abort_IT                                  Drivers\STM32F4xx_HAL_Driver\Src\stm32f4xx_hal_dma.o
                                                  Drivers\STM32F4xx_HAL_Driver\Src\stm32f4xx_hal_uart.o
HAL_DMA_DeInit                                    Drivers\STM32F4xx_HAL_Driver\Src\stm32f4xx_hal_dma.o
HAL_DMA_GetError                                  Drivers\STM32F4xx_HAL_Driver\Src\stm32f4xx_hal_dma.o
HAL_DMA_GetState                                  Drivers\STM32F4xx_HAL_Driver\Src\stm32f4xx_hal_dma.o
HAL_DMA_IRQHandler                                Drivers\STM32F4xx_HAL_Driver\Src\stm32f4xx_hal_dma.o
HAL_DMA_Init                                      Drivers\STM32F4xx_HAL_Driver\Src\stm32f4xx_hal_dma.o
HAL_DMA_PollForTransfer                           Drivers\STM32F4xx_HAL_Driver\Src\stm32f4xx_hal_dma.o
HAL_DMA_RegisterCallback                          Drivers\STM32F4xx_HAL_Driver\Src\stm32f4xx_hal_dma.o
HAL_DMA_Start                                     Drivers\STM32F4xx_HAL_Driver\Src\stm32f4xx_hal_dma.o
HAL_DMA_Start_IT                                  Drivers\STM32F4xx_HAL_Driver\Src\stm32f4xx_hal_dma.o
                                                  Drivers\STM32F4xx_HAL_Driver\Src\stm32f4xx_hal_uart.o
                                                  Drivers\STM32F4xx_HAL_Driver\Src\stm32f4xx_hal_tim_ex.o
                                                  Drivers\STM32F4xx_HAL_Driver\Src\stm32f4xx_hal_tim.o
HAL_DMA_UnRegisterCallback                        Drivers\STM32F4xx_HAL_Driver\Src\stm32f4xx_hal_dma.o
HAL_DeInit                                        Drivers\STM32F4xx_HAL_Driver\Src\stm32f4xx_hal.o
HAL_Delay                                         Drivers\STM32F4xx_HAL_Driver\Src\stm32f4xx_hal.o
HAL_DisableCompensationCell                       Drivers\STM32F4xx_HAL_Driver\Src\stm32f4xx_hal.o
HAL_EnableCompensationCell                        Drivers\STM32F4xx_HAL_Driver\Src\stm32f4xx_hal.o
HAL_FLASHEx_AdvOBGetConfig                        Drivers\STM32F4xx_HAL_Driver\Src\stm32f4xx_hal_flash_ex.o
HAL_FLASHEx_AdvOBProgram                          Drivers\STM32F4xx_HAL_Driver\Src\stm32f4xx_hal_flash_ex.o
HAL_FLASHEx_DisableFlashSleepMode                 Drivers\STM32F4xx_HAL_Driver\Src\stm32f4xx_hal_flash_ramfunc.o
HAL_FLASHEx_EnableFlashSleepMode                  Drivers\STM32F4xx_HAL_Driver\Src\stm32f4xx_hal_flash_ramfunc.o
HAL_FLASHEx_Erase                                 Drivers\STM32F4xx_HAL_Driver\Src\stm32f4xx_hal_flash_ex.o
HAL_FLASHEx_Erase_IT                              Drivers\STM32F4xx_HAL_Driver\Src\stm32f4xx_hal_flash_ex.o
HAL_FLASHEx_OBGetConfig                           Drivers\STM32F4xx_HAL_Driver\Src\stm32f4xx_hal_flash_ex.o
HAL_FLASHEx_OBProgram                             Drivers\STM32F4xx_HAL_Driver\Src\stm32f4xx_hal_flash_ex.o
HAL_FLASHEx_OB_DeSelectPCROP                      Drivers\STM32F4xx_HAL_Driver\Src\stm32f4xx_hal_flash_ex.o
HAL_FLASHEx_OB_SelectPCROP                        Drivers\STM32F4xx_HAL_Driver\Src\stm32f4xx_hal_flash_ex.o
HAL_FLASHEx_StartFlashInterfaceClk                Drivers\STM32F4xx_HAL_Driver\Src\stm32f4xx_hal_flash_ramfunc.o
HAL_FLASHEx_StopFlashInterfaceClk                 Drivers\STM32F4xx_HAL_Driver\Src\stm32f4xx_hal_flash_ramfunc.o
HAL_FLASH_EndOfOperationCallback                  Drivers\STM32F4xx_HAL_Driver\Src\stm32f4xx_hal_flash.o
HAL_FLASH_GetError                                Drivers\STM32F4xx_HAL_Driver\Src\stm32f4xx_hal_flash.o
HAL_FLASH_IRQHandler                              Drivers\STM32F4xx_HAL_Driver\Src\stm32f4xx_hal_flash.o
HAL_FLASH_Lock                                    Drivers\STM32F4xx_HAL_Driver\Src\stm32f4xx_hal_flash.o
HAL_FLASH_OB_Launch                               Drivers\STM32F4xx_HAL_Driver\Src\stm32f4xx_hal_flash.o
HAL_FLASH_OB_Lock                                 Drivers\STM32F4xx_HAL_Driver\Src\stm32f4xx_hal_flash.o
HAL_FLASH_OB_Unlock                               Drivers\STM32F4xx_HAL_Driver\Src\stm32f4xx_hal_flash.o
HAL_FLASH_OperationErrorCallback                  Drivers\STM32F4xx_HAL_Driver\Src\stm32f4xx_hal_flash.o
HAL_FLASH_Program                                 Drivers\STM32F4xx_HAL_Driver\Src\stm32f4xx_hal_flash.o
HAL_FLASH_Program_IT                              Drivers\STM32F4xx_HAL_Driver\Src\stm32f4xx_hal_flash.o
HAL_FLASH_Unlock                                  Drivers\STM32F4xx_HAL_Driver\Src\stm32f4xx_hal_flash.o
HAL_GPIO_DeInit                                   Drivers\STM32F4xx_HAL_Driver\Src\stm32f4xx_hal_gpio.o
                                                  Src\usart.o
HAL_GPIO_EXTI_Callback                            Drivers\STM32F4xx_HAL_Driver\Src\stm32f4xx_hal_gpio.o
HAL_GPIO_EXTI_IRQHandler                          Drivers\STM32F4xx_HAL_Driver\Src\stm32f4xx_hal_gpio.o
HAL_GPIO_Init                                     Drivers\STM32F4xx_HAL_Driver\Src\stm32f4xx_hal_gpio.o
                                                  Src\usart.o
                                                  Src\gpio.o
                                                  Drivers\STM32F4xx_HAL_Driver\Src\stm32f4xx_hal_rcc.o
HAL_GPIO_LockPin                                  Drivers\STM32F4xx_HAL_Driver\Src\stm32f4xx_hal_gpio.o
HAL_GPIO_ReadPin                                  Drivers\STM32F4xx_HAL_Driver\Src\stm32f4xx_hal_gpio.o
HAL_GPIO_TogglePin                                Drivers\STM32F4xx_HAL_Driver\Src\stm32f4xx_hal_gpio.o
                                                  Src\main.o
HAL_GPIO_WritePin                                 Drivers\STM32F4xx_HAL_Driver\Src\stm32f4xx_hal_gpio.o
                                                  Src\gpio.o
HAL_GetDEVID                                      Drivers\STM32F4xx_HAL_Driver\Src\stm32f4xx_hal.o
HAL_GetHalVersion                                 Drivers\STM32F4xx_HAL_Driver\Src\stm32f4xx_hal.o
HAL_GetREVID                                      Drivers\STM32F4xx_HAL_Driver\Src\stm32f4xx_hal.o
HAL_GetTick                                       Drivers\STM32F4xx_HAL_Driver\Src\stm32f4xx_hal.o
                                                  Drivers\STM32F4xx_HAL_Driver\Src\stm32f4xx_hal_uart.o
                                                  Drivers\STM32F4xx_HAL_Driver\Src\stm32f4xx_hal_rcc_ex.o
                                                  Drivers\STM32F4xx_HAL_Driver\Src\stm32f4xx_hal_rcc.o
                                                  Drivers\STM32F4xx_HAL_Driver\Src\stm32f4xx_hal_pwr_ex.o
                                                  Drivers\STM32F4xx_HAL_Driver\Src\stm32f4xx_hal_flash.o
                                                  Drivers\STM32F4xx_HAL_Driver\Src\stm32f4xx_hal_dma.o
HAL_HalfDuplex_EnableReceiver                     Drivers\STM32F4xx_HAL_Driver\Src\stm32f4xx_hal_uart.o
HAL_HalfDuplex_EnableTransmitter                  Drivers\STM32F4xx_HAL_Driver\Src\stm32f4xx_hal_uart.o
HAL_HalfDuplex_Init                               Drivers\STM32F4xx_HAL_Driver\Src\stm32f4xx_hal_uart.o
HAL_IncTick                                       Drivers\STM32F4xx_HAL_Driver\Src\stm32f4xx_hal.o
                                                  Src\stm32f4xx_it.o
HAL_Init                                          Drivers\STM32F4xx_HAL_Driver\Src\stm32f4xx_hal.o
                                                  Src\main.o
HAL_InitTick                                      Drivers\STM32F4xx_HAL_Driver\Src\stm32f4xx_hal.o
                                                  Drivers\STM32F4xx_HAL_Driver\Src\stm32f4xx_hal_rcc.o
HAL_LIN_Init                                      Drivers\STM32F4xx_HAL_Driver\Src\stm32f4xx_hal_uart.o
HAL_LIN_SendBreak                                 Drivers\STM32F4xx_HAL_Driver\Src\stm32f4xx_hal_uart.o
HAL_MPU_ConfigRegion                              Drivers\STM32F4xx_HAL_Driver\Src\stm32f4xx_hal_cortex.o
HAL_MspDeInit                                     Drivers\STM32F4xx_HAL_Driver\Src\stm32f4xx_hal.o
HAL_MspInit                                       Src\stm32f4xx_hal_msp.o
                                                  Drivers\STM32F4xx_HAL_Driver\Src\stm32f4xx_hal.o
HAL_MultiProcessor_EnterMuteMode                  Drivers\STM32F4xx_HAL_Driver\Src\stm32f4xx_hal_uart.o
HAL_MultiProcessor_ExitMuteMode                   Drivers\STM32F4xx_HAL_Driver\Src\stm32f4xx_hal_uart.o
HAL_MultiProcessor_Init                           Drivers\STM32F4xx_HAL_Driver\Src\stm32f4xx_hal_uart.o
HAL_NVIC_ClearPendingIRQ                          Drivers\STM32F4xx_HAL_Driver\Src\stm32f4xx_hal_cortex.o
HAL_NVIC_DisableIRQ                               Drivers\STM32F4xx_HAL_Driver\Src\stm32f4xx_hal_cortex.o
                                                  Src\tim.o
HAL_NVIC_EnableIRQ                                Drivers\STM32F4xx_HAL_Driver\Src\stm32f4xx_hal_cortex.o
                                                  Src\tim.o
HAL_NVIC_GetActive                                Drivers\STM32F4xx_HAL_Driver\Src\stm32f4xx_hal_cortex.o
HAL_NVIC_GetPendingIRQ                            Drivers\STM32F4xx_HAL_Driver\Src\stm32f4xx_hal_cortex.o
HAL_NVIC_GetPriority                              Drivers\STM32F4xx_HAL_Driver\Src\stm32f4xx_hal_cortex.o
HAL_NVIC_GetPriorityGrouping                      Drivers\STM32F4xx_HAL_Driver\Src\stm32f4xx_hal_cortex.o
HAL_NVIC_SetPendingIRQ                            Drivers\STM32F4xx_HAL_Driver\Src\stm32f4xx_hal_cortex.o
HAL_NVIC_SetPriority                              Drivers\STM32F4xx_HAL_Driver\Src\stm32f4xx_hal_cortex.o
                                                  Src\tim.o
                                                  Src\stm32f4xx_hal_msp.o
                                                  Src\main.o
                                                  Drivers\STM32F4xx_HAL_Driver\Src\stm32f4xx_hal.o
HAL_NVIC_SetPriorityGrouping                      Drivers\STM32F4xx_HAL_Driver\Src\stm32f4xx_hal_cortex.o
                                                  Src\stm32f4xx_hal_msp.o
                                                  Drivers\STM32F4xx_HAL_Driver\Src\stm32f4xx_hal.o
HAL_NVIC_SystemReset                              Drivers\STM32F4xx_HAL_Driver\Src\stm32f4xx_hal_cortex.o
HAL_PWREx_ControlVoltageScaling                   Drivers\STM32F4xx_HAL_Driver\Src\stm32f4xx_hal_pwr_ex.o
HAL_PWREx_DisableBkUpReg                          Drivers\STM32F4xx_HAL_Driver\Src\stm32f4xx_hal_pwr_ex.o
HAL_PWREx_DisableFlashPowerDown                   Drivers\STM32F4xx_HAL_Driver\Src\stm32f4xx_hal_pwr_ex.o
HAL_PWREx_DisableOverDrive                        Drivers\STM32F4xx_HAL_Driver\Src\stm32f4xx_hal_pwr_ex.o
HAL_PWREx_EnableBkUpReg                           Drivers\STM32F4xx_HAL_Driver\Src\stm32f4xx_hal_pwr_ex.o
HAL_PWREx_EnableFlashPowerDown                    Drivers\STM32F4xx_HAL_Driver\Src\stm32f4xx_hal_pwr_ex.o
HAL_PWREx_EnableOverDrive                         Drivers\STM32F4xx_HAL_Driver\Src\stm32f4xx_hal_pwr_ex.o
HAL_PWREx_EnterUnderDriveSTOPMode                 Drivers\STM32F4xx_HAL_Driver\Src\stm32f4xx_hal_pwr_ex.o
HAL_PWREx_GetVoltageRange                         Drivers\STM32F4xx_HAL_Driver\Src\stm32f4xx_hal_pwr_ex.o
HAL_PWR_ConfigPVD                                 Drivers\STM32F4xx_HAL_Driver\Src\stm32f4xx_hal_pwr.o
HAL_PWR_DeInit                                    Drivers\STM32F4xx_HAL_Driver\Src\stm32f4xx_hal_pwr.o
HAL_PWR_DisableBkUpAccess                         Drivers\STM32F4xx_HAL_Driver\Src\stm32f4xx_hal_pwr.o
HAL_PWR_DisablePVD                                Drivers\STM32F4xx_HAL_Driver\Src\stm32f4xx_hal_pwr.o
HAL_PWR_DisableSEVOnPend                          Drivers\STM32F4xx_HAL_Driver\Src\stm32f4xx_hal_pwr.o
HAL_PWR_DisableSleepOnExit                        Drivers\STM32F4xx_HAL_Driver\Src\stm32f4xx_hal_pwr.o
HAL_PWR_DisableWakeUpPin                          Drivers\STM32F4xx_HAL_Driver\Src\stm32f4xx_hal_pwr.o
HAL_PWR_EnableBkUpAccess                          Drivers\STM32F4xx_HAL_Driver\Src\stm32f4xx_hal_pwr.o
HAL_PWR_EnablePVD                                 Drivers\STM32F4xx_HAL_Driver\Src\stm32f4xx_hal_pwr.o
HAL_PWR_EnableSEVOnPend                           Drivers\STM32F4xx_HAL_Driver\Src\stm32f4xx_hal_pwr.o
HAL_PWR_EnableSleepOnExit                         Drivers\STM32F4xx_HAL_Driver\Src\stm32f4xx_hal_pwr.o
HAL_PWR_EnableWakeUpPin                           Drivers\STM32F4xx_HAL_Driver\Src\stm32f4xx_hal_pwr.o
HAL_PWR_EnterSLEEPMode                            Drivers\STM32F4xx_HAL_Driver\Src\stm32f4xx_hal_pwr.o
HAL_PWR_EnterSTANDBYMode                          Drivers\STM32F4xx_HAL_Driver\Src\stm32f4xx_hal_pwr.o
HAL_PWR_EnterSTOPMode                             Drivers\STM32F4xx_HAL_Driver\Src\stm32f4xx_hal_pwr.o
HAL_PWR_PVDCallback                               Drivers\STM32F4xx_HAL_Driver\Src\stm32f4xx_hal_pwr.o
HAL_PWR_PVD_IRQHandler                            Drivers\STM32F4xx_HAL_Driver\Src\stm32f4xx_hal_pwr.o
HAL_RCCEx_GetPeriphCLKConfig                      Drivers\STM32F4xx_HAL_Driver\Src\stm32f4xx_hal_rcc_ex.o
HAL_RCCEx_GetPeriphCLKFreq                        Drivers\STM32F4xx_HAL_Driver\Src\stm32f4xx_hal_rcc_ex.o
HAL_RCCEx_PeriphCLKConfig                         Drivers\STM32F4xx_HAL_Driver\Src\stm32f4xx_hal_rcc_ex.o
HAL_RCCEx_SelectLSEMode                           Drivers\STM32F4xx_HAL_Driver\Src\stm32f4xx_hal_rcc_ex.o
HAL_RCC_CSSCallback                               Drivers\STM32F4xx_HAL_Driver\Src\stm32f4xx_hal_rcc.o
HAL_RCC_ClockConfig                               Drivers\STM32F4xx_HAL_Driver\Src\stm32f4xx_hal_rcc.o
                                                  Src\main.o
HAL_RCC_DeInit                                    Drivers\STM32F4xx_HAL_Driver\Src\stm32f4xx_hal_rcc_ex.o
                                                  Drivers\STM32F4xx_HAL_Driver\Src\stm32f4xx_hal_rcc.o
HAL_RCC_DisableCSS                                Drivers\STM32F4xx_HAL_Driver\Src\stm32f4xx_hal_rcc.o
HAL_RCC_EnableCSS                                 Drivers\STM32F4xx_HAL_Driver\Src\stm32f4xx_hal_rcc.o
HAL_RCC_GetClockConfig                            Drivers\STM32F4xx_HAL_Driver\Src\stm32f4xx_hal_rcc.o
HAL_RCC_GetHCLKFreq                               Drivers\STM32F4xx_HAL_Driver\Src\stm32f4xx_hal_rcc.o
                                                  Src\main.o
HAL_RCC_GetOscConfig                              Drivers\STM32F4xx_HAL_Driver\Src\stm32f4xx_hal_rcc_ex.o
                                                  Drivers\STM32F4xx_HAL_Driver\Src\stm32f4xx_hal_rcc.o
HAL_RCC_GetPCLK1Freq                              Drivers\STM32F4xx_HAL_Driver\Src\stm32f4xx_hal_rcc.o
                                                  Drivers\STM32F4xx_HAL_Driver\Src\stm32f4xx_hal_uart.o
HAL_RCC_GetPCLK2Freq                              Drivers\STM32F4xx_HAL_Driver\Src\stm32f4xx_hal_rcc.o
                                                  Drivers\STM32F4xx_HAL_Driver\Src\stm32f4xx_hal_uart.o
HAL_RCC_GetSysClockFreq                           Drivers\STM32F4xx_HAL_Driver\Src\stm32f4xx_hal_rcc_ex.o
                                                  Drivers\STM32F4xx_HAL_Driver\Src\stm32f4xx_hal_rcc.o
HAL_RCC_MCOConfig                                 Drivers\STM32F4xx_HAL_Driver\Src\stm32f4xx_hal_rcc.o
HAL_RCC_NMI_IRQHandler                            Drivers\STM32F4xx_HAL_Driver\Src\stm32f4xx_hal_rcc.o
HAL_RCC_OscConfig                                 Drivers\STM32F4xx_HAL_Driver\Src\stm32f4xx_hal_rcc_ex.o
                                                  Drivers\STM32F4xx_HAL_Driver\Src\stm32f4xx_hal_rcc.o
                                                  Src\main.o
HAL_ResumeTick                                    Drivers\STM32F4xx_HAL_Driver\Src\stm32f4xx_hal.o
HAL_SYSTICK_CLKSourceConfig                       Drivers\STM32F4xx_HAL_Driver\Src\stm32f4xx_hal_cortex.o
                                                  Src\main.o
HAL_SYSTICK_Callback                              Drivers\STM32F4xx_HAL_Driver\Src\stm32f4xx_hal_cortex.o
HAL_SYSTICK_Config                                Drivers\STM32F4xx_HAL_Driver\Src\stm32f4xx_hal_cortex.o
                                                  Src\main.o
                                                  Drivers\STM32F4xx_HAL_Driver\Src\stm32f4xx_hal.o
HAL_SYSTICK_IRQHandler                            Drivers\STM32F4xx_HAL_Driver\Src\stm32f4xx_hal_cortex.o
                                                  Src\stm32f4xx_it.o
HAL_SuspendTick                                   Drivers\STM32F4xx_HAL_Driver\Src\stm32f4xx_hal.o
HAL_TIMEx_BreakCallback                           Drivers\STM32F4xx_HAL_Driver\Src\stm32f4xx_hal_tim_ex.o
                                                  Drivers\STM32F4xx_HAL_Driver\Src\stm32f4xx_hal_tim.o
HAL_TIMEx_CommutationCallback                     Drivers\STM32F4xx_HAL_Driver\Src\stm32f4xx_hal_tim_ex.o
                                                  Drivers\STM32F4xx_HAL_Driver\Src\stm32f4xx_hal_tim.o
HAL_TIMEx_ConfigBreakDeadTime                     Drivers\STM32F4xx_HAL_Driver\Src\stm32f4xx_hal_tim_ex.o
HAL_TIMEx_ConfigCommutationEvent                  Drivers\STM32F4xx_HAL_Driver\Src\stm32f4xx_hal_tim_ex.o
HAL_TIMEx_ConfigCommutationEvent_DMA              Drivers\STM32F4xx_HAL_Driver\Src\stm32f4xx_hal_tim_ex.o
HAL_TIMEx_ConfigCommutationEvent_IT               Drivers\STM32F4xx_HAL_Driver\Src\stm32f4xx_hal_tim_ex.o
HAL_TIMEx_HallSensor_DeInit                       Drivers\STM32F4xx_HAL_Driver\Src\stm32f4xx_hal_tim_ex.o
HAL_TIMEx_HallSensor_GetState                     Drivers\STM32F4xx_HAL_Driver\Src\stm32f4xx_hal_tim_ex.o
HAL_TIMEx_HallSensor_Init                         Drivers\STM32F4xx_HAL_Driver\Src\stm32f4xx_hal_tim_ex.o
HAL_TIMEx_HallSensor_MspDeInit                    Drivers\STM32F4xx_HAL_Driver\Src\stm32f4xx_hal_tim_ex.o
HAL_TIMEx_HallSensor_MspInit                      Drivers\STM32F4xx_HAL_Driver\Src\stm32f4xx_hal_tim_ex.o
HAL_TIMEx_HallSensor_Start                        Drivers\STM32F4xx_HAL_Driver\Src\stm32f4xx_hal_tim_ex.o
HAL_TIMEx_HallSensor_Start_DMA                    Drivers\STM32F4xx_HAL_Driver\Src\stm32f4xx_hal_tim_ex.o
HAL_TIMEx_HallSensor_Start_IT                     Drivers\STM32F4xx_HAL_Driver\Src\stm32f4xx_hal_tim_ex.o
HAL_TIMEx_HallSensor_Stop                         Drivers\STM32F4xx_HAL_Driver\Src\stm32f4xx_hal_tim_ex.o
HAL_TIMEx_HallSensor_Stop_DMA                     Drivers\STM32F4xx_HAL_Driver\Src\stm32f4xx_hal_tim_ex.o
HAL_TIMEx_HallSensor_Stop_IT                      Drivers\STM32F4xx_HAL_Driver\Src\stm32f4xx_hal_tim_ex.o
HAL_TIMEx_MasterConfigSynchronization             Drivers\STM32F4xx_HAL_Driver\Src\stm32f4xx_hal_tim_ex.o
HAL_TIMEx_OCN_Start                               Drivers\STM32F4xx_HAL_Driver\Src\stm32f4xx_hal_tim_ex.o
HAL_TIMEx_OCN_Start_DMA                           Drivers\STM32F4xx_HAL_Driver\Src\stm32f4xx_hal_tim_ex.o
HAL_TIMEx_OCN_Start_IT                            Drivers\STM32F4xx_HAL_Driver\Src\stm32f4xx_hal_tim_ex.o
HAL_TIMEx_OCN_Stop                                Drivers\STM32F4xx_HAL_Driver\Src\stm32f4xx_hal_tim_ex.o
HAL_TIMEx_OCN_Stop_DMA                            Drivers\STM32F4xx_HAL_Driver\Src\stm32f4xx_hal_tim_ex.o
HAL_TIMEx_OCN_Stop_IT                             Drivers\STM32F4xx_HAL_Driver\Src\stm32f4xx_hal_tim_ex.o
HAL_TIMEx_OnePulseN_Start                         Drivers\STM32F4xx_HAL_Driver\Src\stm32f4xx_hal_tim_ex.o
HAL_TIMEx_OnePulseN_Start_IT                      Drivers\STM32F4xx_HAL_Driver\Src\stm32f4xx_hal_tim_ex.o
HAL_TIMEx_OnePulseN_Stop                          Drivers\STM32F4xx_HAL_Driver\Src\stm32f4xx_hal_tim_ex.o
HAL_TIMEx_OnePulseN_Stop_IT                       Drivers\STM32F4xx_HAL_Driver\Src\stm32f4xx_hal_tim_ex.o
HAL_TIMEx_PWMN_Start                              Drivers\STM32F4xx_HAL_Driver\Src\stm32f4xx_hal_tim_ex.o
HAL_TIMEx_PWMN_Start_DMA                          Drivers\STM32F4xx_HAL_Driver\Src\stm32f4xx_hal_tim_ex.o
HAL_TIMEx_PWMN_Start_IT                           Drivers\STM32F4xx_HAL_Driver\Src\stm32f4xx_hal_tim_ex.o
HAL_TIMEx_PWMN_Stop                               Drivers\STM32F4xx_HAL_Driver\Src\stm32f4xx_hal_tim_ex.o
HAL_TIMEx_PWMN_Stop_DMA                           Drivers\STM32F4xx_HAL_Driver\Src\stm32f4xx_hal_tim_ex.o
HAL_TIMEx_PWMN_Stop_IT                            Drivers\STM32F4xx_HAL_Driver\Src\stm32f4xx_hal_tim_ex.o
HAL_TIMEx_RemapConfig                             Drivers\STM32F4xx_HAL_Driver\Src\stm32f4xx_hal_tim_ex.o
HAL_TIM_Base_DeInit                               Drivers\STM32F4xx_HAL_Driver\Src\stm32f4xx_hal_tim.o
HAL_TIM_Base_GetState                             Drivers\STM32F4xx_HAL_Driver\Src\stm32f4xx_hal_tim.o
HAL_TIM_Base_Init                                 Drivers\STM32F4xx_HAL_Driver\Src\stm32f4xx_hal_tim.o
                                                  Src\tim.o
HAL_TIM_Base_MspDeInit                            Src\tim.o
                                                  Drivers\STM32F4xx_HAL_Driver\Src\stm32f4xx_hal_tim.o
HAL_TIM_Base_MspInit                              Src\tim.o
                                                  Drivers\STM32F4xx_HAL_Driver\Src\stm32f4xx_hal_tim.o
HAL_TIM_Base_Start                                Drivers\STM32F4xx_HAL_Driver\Src\stm32f4xx_hal_tim.o
HAL_TIM_Base_Start_DMA                            Drivers\STM32F4xx_HAL_Driver\Src\stm32f4xx_hal_tim.o
HAL_TIM_Base_Start_IT                             Drivers\STM32F4xx_HAL_Driver\Src\stm32f4xx_hal_tim.o
                                                  Src\main.o
HAL_TIM_Base_Stop                                 Drivers\STM32F4xx_HAL_Driver\Src\stm32f4xx_hal_tim.o
HAL_TIM_Base_Stop_DMA                             Drivers\STM32F4xx_HAL_Driver\Src\stm32f4xx_hal_tim.o
HAL_TIM_Base_Stop_IT                              Drivers\STM32F4xx_HAL_Driver\Src\stm32f4xx_hal_tim.o
HAL_TIM_ConfigClockSource                         Drivers\STM32F4xx_HAL_Driver\Src\stm32f4xx_hal_tim.o
HAL_TIM_ConfigOCrefClear                          Drivers\STM32F4xx_HAL_Driver\Src\stm32f4xx_hal_tim.o
HAL_TIM_ConfigTI1Input                            Drivers\STM32F4xx_HAL_Driver\Src\stm32f4xx_hal_tim.o
HAL_TIM_DMABurst_ReadStart                        Drivers\STM32F4xx_HAL_Driver\Src\stm32f4xx_hal_tim.o
HAL_TIM_DMABurst_ReadStop                         Drivers\STM32F4xx_HAL_Driver\Src\stm32f4xx_hal_tim.o
HAL_TIM_DMABurst_WriteStart                       Drivers\STM32F4xx_HAL_Driver\Src\stm32f4xx_hal_tim.o
HAL_TIM_DMABurst_WriteStop                        Drivers\STM32F4xx_HAL_Driver\Src\stm32f4xx_hal_tim.o
HAL_TIM_Encoder_DeInit                            Drivers\STM32F4xx_HAL_Driver\Src\stm32f4xx_hal_tim.o
HAL_TIM_Encoder_GetState                          Drivers\STM32F4xx_HAL_Driver\Src\stm32f4xx_hal_tim.o
HAL_TIM_Encoder_Init                              Drivers\STM32F4xx_HAL_Driver\Src\stm32f4xx_hal_tim.o
HAL_TIM_Encoder_MspDeInit                         Drivers\STM32F4xx_HAL_Driver\Src\stm32f4xx_hal_tim.o
HAL_TIM_Encoder_MspInit                           Drivers\STM32F4xx_HAL_Driver\Src\stm32f4xx_hal_tim.o
HAL_TIM_Encoder_Start                             Drivers\STM32F4xx_HAL_Driver\Src\stm32f4xx_hal_tim.o
HAL_TIM_Encoder_Start_DMA                         Drivers\STM32F4xx_HAL_Driver\Src\stm32f4xx_hal_tim.o
HAL_TIM_Encoder_Start_IT                          Drivers\STM32F4xx_HAL_Driver\Src\stm32f4xx_hal_tim.o
HAL_TIM_Encoder_Stop                              Drivers\STM32F4xx_HAL_Driver\Src\stm32f4xx_hal_tim.o
HAL_TIM_Encoder_Stop_DMA                          Drivers\STM32F4xx_HAL_Driver\Src\stm32f4xx_hal_tim.o
HAL_TIM_Encoder_Stop_IT                           Drivers\STM32F4xx_HAL_Driver\Src\stm32f4xx_hal_tim.o
HAL_TIM_ErrorCallback                             Drivers\STM32F4xx_HAL_Driver\Src\stm32f4xx_hal_tim.o
HAL_TIM_GenerateEvent                             Drivers\STM32F4xx_HAL_Driver\Src\stm32f4xx_hal_tim.o
HAL_TIM_IC_CaptureCallback                        Drivers\STM32F4xx_HAL_Driver\Src\stm32f4xx_hal_tim.o
HAL_TIM_IC_ConfigChannel                          Drivers\STM32F4xx_HAL_Driver\Src\stm32f4xx_hal_tim.o
HAL_TIM_IC_DeInit                                 Drivers\STM32F4xx_HAL_Driver\Src\stm32f4xx_hal_tim.o
HAL_TIM_IC_GetState                               Drivers\STM32F4xx_HAL_Driver\Src\stm32f4xx_hal_tim.o
HAL_TIM_IC_Init                                   Drivers\STM32F4xx_HAL_Driver\Src\stm32f4xx_hal_tim.o
HAL_TIM_IC_MspDeInit                              Drivers\STM32F4xx_HAL_Driver\Src\stm32f4xx_hal_tim.o
HAL_TIM_IC_MspInit                                Drivers\STM32F4xx_HAL_Driver\Src\stm32f4xx_hal_tim.o
HAL_TIM_IC_Start                                  Drivers\STM32F4xx_HAL_Driver\Src\stm32f4xx_hal_tim.o
HAL_TIM_IC_Start_DMA                              Drivers\STM32F4xx_HAL_Driver\Src\stm32f4xx_hal_tim.o
HAL_TIM_IC_Start_IT                               Drivers\STM32F4xx_HAL_Driver\Src\stm32f4xx_hal_tim.o
HAL_TIM_IC_Stop                                   Drivers\STM32F4xx_HAL_Driver\Src\stm32f4xx_hal_tim.o
HAL_TIM_IC_Stop_DMA                               Drivers\STM32F4xx_HAL_Driver\Src\stm32f4xx_hal_tim.o
HAL_TIM_IC_Stop_IT                                Drivers\STM32F4xx_HAL_Driver\Src\stm32f4xx_hal_tim.o
HAL_TIM_IRQHandler                                Drivers\STM32F4xx_HAL_Driver\Src\stm32f4xx_hal_tim.o
                                                  Src\stm32f4xx_it.o
HAL_TIM_OC_ConfigChannel                          Drivers\STM32F4xx_HAL_Driver\Src\stm32f4xx_hal_tim.o
HAL_TIM_OC_DeInit                                 Drivers\STM32F4xx_HAL_Driver\Src\stm32f4xx_hal_tim.o
HAL_TIM_OC_DelayElapsedCallback                   Drivers\STM32F4xx_HAL_Driver\Src\stm32f4xx_hal_tim.o
HAL_TIM_OC_GetState                               Drivers\STM32F4xx_HAL_Driver\Src\stm32f4xx_hal_tim.o
HAL_TIM_OC_Init                                   Drivers\STM32F4xx_HAL_Driver\Src\stm32f4xx_hal_tim.o
HAL_TIM_OC_MspDeInit                              Drivers\STM32F4xx_HAL_Driver\Src\stm32f4xx_hal_tim.o
HAL_TIM_OC_MspInit                                Drivers\STM32F4xx_HAL_Driver\Src\stm32f4xx_hal_tim.o
HAL_TIM_OC_Start                                  Drivers\STM32F4xx_HAL_Driver\Src\stm32f4xx_hal_tim.o
HAL_TIM_OC_Start_DMA                              Drivers\STM32F4xx_HAL_Driver\Src\stm32f4xx_hal_tim.o
HAL_TIM_OC_Start_IT                               Drivers\STM32F4xx_HAL_Driver\Src\stm32f4xx_hal_tim.o
HAL_TIM_OC_Stop                                   Drivers\STM32F4xx_HAL_Driver\Src\stm32f4xx_hal_tim.o
HAL_TIM_OC_Stop_DMA                               Drivers\STM32F4xx_HAL_Driver\Src\stm32f4xx_hal_tim.o
HAL_TIM_OC_Stop_IT                                Drivers\STM32F4xx_HAL_Driver\Src\stm32f4xx_hal_tim.o
HAL_TIM_OnePulse_ConfigChannel                    Drivers\STM32F4xx_HAL_Driver\Src\stm32f4xx_hal_tim.o
HAL_TIM_OnePulse_DeInit                           Drivers\STM32F4xx_HAL_Driver\Src\stm32f4xx_hal_tim.o
HAL_TIM_OnePulse_GetState                         Drivers\STM32F4xx_HAL_Driver\Src\stm32f4xx_hal_tim.o
HAL_TIM_OnePulse_Init                             Drivers\STM32F4xx_HAL_Driver\Src\stm32f4xx_hal_tim.o
HAL_TIM_OnePulse_MspDeInit                        Drivers\STM32F4xx_HAL_Driver\Src\stm32f4xx_hal_tim.o
HAL_TIM_OnePulse_MspInit                          Drivers\STM32F4xx_HAL_Driver\Src\stm32f4xx_hal_tim.o
HAL_TIM_OnePulse_Start                            Drivers\STM32F4xx_HAL_Driver\Src\stm32f4xx_hal_tim.o
HAL_TIM_OnePulse_Start_IT                         Drivers\STM32F4xx_HAL_Driver\Src\stm32f4xx_hal_tim.o
HAL_TIM_OnePulse_Stop                             Drivers\STM32F4xx_HAL_Driver\Src\stm32f4xx_hal_tim.o
HAL_TIM_OnePulse_Stop_IT                          Drivers\STM32F4xx_HAL_Driver\Src\stm32f4xx_hal_tim.o
HAL_TIM_PWM_ConfigChannel                         Drivers\STM32F4xx_HAL_Driver\Src\stm32f4xx_hal_tim.o
HAL_TIM_PWM_DeInit                                Drivers\STM32F4xx_HAL_Driver\Src\stm32f4xx_hal_tim.o
HAL_TIM_PWM_GetState                              Drivers\STM32F4xx_HAL_Driver\Src\stm32f4xx_hal_tim.o
HAL_TIM_PWM_Init                                  Drivers\STM32F4xx_HAL_Driver\Src\stm32f4xx_hal_tim.o
HAL_TIM_PWM_MspDeInit                             Drivers\STM32F4xx_HAL_Driver\Src\stm32f4xx_hal_tim.o
HAL_TIM_PWM_MspInit                               Drivers\STM32F4xx_HAL_Driver\Src\stm32f4xx_hal_tim.o
HAL_TIM_PWM_PulseFinishedCallback                 Drivers\STM32F4xx_HAL_Driver\Src\stm32f4xx_hal_tim.o
HAL_TIM_PWM_Start                                 Drivers\STM32F4xx_HAL_Driver\Src\stm32f4xx_hal_tim.o
HAL_TIM_PWM_Start_DMA                             Drivers\STM32F4xx_HAL_Driver\Src\stm32f4xx_hal_tim.o
HAL_TIM_PWM_Start_IT                              Drivers\STM32F4xx_HAL_Driver\Src\stm32f4xx_hal_tim.o
HAL_TIM_PWM_Stop                                  Drivers\STM32F4xx_HAL_Driver\Src\stm32f4xx_hal_tim.o
HAL_TIM_PWM_Stop_DMA                              Drivers\STM32F4xx_HAL_Driver\Src\stm32f4xx_hal_tim.o
HAL_TIM_PWM_Stop_IT                               Drivers\STM32F4xx_HAL_Driver\Src\stm32f4xx_hal_tim.o
HAL_TIM_PeriodElapsedCallback                     Src\main.o
                                                  Drivers\STM32F4xx_HAL_Driver\Src\stm32f4xx_hal_tim.o
HAL_TIM_ReadCapturedValue                         Drivers\STM32F4xx_HAL_Driver\Src\stm32f4xx_hal_tim.o
HAL_TIM_SlaveConfigSynchronization                Drivers\STM32F4xx_HAL_Driver\Src\stm32f4xx_hal_tim.o
HAL_TIM_SlaveConfigSynchronization_IT             Drivers\STM32F4xx_HAL_Driver\Src\stm32f4xx_hal_tim.o
HAL_TIM_TriggerCallback                           Drivers\STM32F4xx_HAL_Driver\Src\stm32f4xx_hal_tim.o
HAL_UART_DMAPause                                 Drivers\STM32F4xx_HAL_Driver\Src\stm32f4xx_hal_uart.o
HAL_UART_DMAResume                                Drivers\STM32F4xx_HAL_Driver\Src\stm32f4xx_hal_uart.o
HAL_UART_DMAStop                                  Drivers\STM32F4xx_HAL_Driver\Src\stm32f4xx_hal_uart.o
HAL_UART_DeInit                                   Drivers\STM32F4xx_HAL_Driver\Src\stm32f4xx_hal_uart.o
HAL_UART_ErrorCallback                            Drivers\STM32F4xx_HAL_Driver\Src\stm32f4xx_hal_uart.o
HAL_UART_GetError                                 Drivers\STM32F4xx_HAL_Driver\Src\stm32f4xx_hal_uart.o
HAL_UART_GetState                                 Drivers\STM32F4xx_HAL_Driver\Src\stm32f4xx_hal_uart.o
HAL_UART_IRQHandler                               Drivers\STM32F4xx_HAL_Driver\Src\stm32f4xx_hal_uart.o
HAL_UART_Init                                     Drivers\STM32F4xx_HAL_Driver\Src\stm32f4xx_hal_uart.o
                                                  Src\usart.o
HAL_UART_MspDeInit                                Src\usart.o
                                                  Drivers\STM32F4xx_HAL_Driver\Src\stm32f4xx_hal_uart.o
HAL_UART_MspInit                                  Src\usart.o
                                                  Drivers\STM32F4xx_HAL_Driver\Src\stm32f4xx_hal_uart.o
HAL_UART_Receive                                  Drivers\STM32F4xx_HAL_Driver\Src\stm32f4xx_hal_uart.o
HAL_UART_Receive_DMA                              Drivers\STM32F4xx_HAL_Driver\Src\stm32f4xx_hal_uart.o
HAL_UART_Receive_IT                               Drivers\STM32F4xx_HAL_Driver\Src\stm32f4xx_hal_uart.o
HAL_UART_RxCpltCallback                           Drivers\STM32F4xx_HAL_Driver\Src\stm32f4xx_hal_uart.o
HAL_UART_RxHalfCpltCallback                       Drivers\STM32F4xx_HAL_Driver\Src\stm32f4xx_hal_uart.o
HAL_UART_Transmit                                 Drivers\STM32F4xx_HAL_Driver\Src\stm32f4xx_hal_uart.o
HAL_UART_Transmit_DMA                             Drivers\STM32F4xx_HAL_Driver\Src\stm32f4xx_hal_uart.o
HAL_UART_Transmit_IT                              Drivers\STM32F4xx_HAL_Driver\Src\stm32f4xx_hal_uart.o
HAL_UART_TxCpltCallback                           Drivers\STM32F4xx_HAL_Driver\Src\stm32f4xx_hal_uart.o
HAL_UART_TxHalfCpltCallback                       Drivers\STM32F4xx_HAL_Driver\Src\stm32f4xx_hal_uart.o
HardFault_Handler                                 Src\stm32f4xx_it.o
                                                  Drivers\CMSIS\Device\ST\STM32F4xx\Source\Templates\gcc\startup_stm32f446xx.o
I2C1_ER_IRQHandler                                Drivers\CMSIS\Device\ST\STM32F4xx\Source\Templates\gcc\startup_stm32f446xx.o
I2C1_EV_IRQHandler                                Drivers\CMSIS\Device\ST\STM32F4xx\Source\Templates\gcc\startup_stm32f446xx.o
I2C2_ER_IRQHandler                                Drivers\CMSIS\Device\ST\STM32F4xx\Source\Templates\gcc\startup_stm32f446xx.o
I2C2_EV_IRQHandler                                Drivers\CMSIS\Device\ST\STM32F4xx\Source\Templates\gcc\startup_stm32f446xx.o
I2C3_ER_IRQHandler                                Drivers\CMSIS\Device\ST\STM32F4xx\Source\Templates\gcc\startup_stm32f446xx.o
I2C3_EV_IRQHandler                                Drivers\CMSIS\Device\ST\STM32F4xx\Source\Templates\gcc\startup_stm32f446xx.o
MX_GPIO_Init                                      Src\gpio.o
                                                  Src\main.o
MX_TIM13_Init                                     Src\tim.o
                                                  Src\main.o
MX_USART1_UART_Init                               Src\usart.o
                                                  Src\main.o
MemManage_Handler                                 Src\stm32f4xx_it.o
                                                  Drivers\CMSIS\Device\ST\STM32F4xx\Source\Templates\gcc\startup_stm32f446xx.o
NMI_Handler                                       Src\stm32f4xx_it.o
                                                  Drivers\CMSIS\Device\ST\STM32F4xx\Source\Templates\gcc\startup_stm32f446xx.o
OTG_FS_IRQHandler                                 Drivers\CMSIS\Device\ST\STM32F4xx\Source\Templates\gcc\startup_stm32f446xx.o
OTG_FS_WKUP_IRQHandler                            Drivers\CMSIS\Device\ST\STM32F4xx\Source\Templates\gcc\startup_stm32f446xx.o
OTG_HS_EP1_IN_IRQHandler                          Drivers\CMSIS\Device\ST\STM32F4xx\Source\Templates\gcc\startup_stm32f446xx.o
OTG_HS_EP1_OUT_IRQHandler                         Drivers\CMSIS\Device\ST\STM32F4xx\Source\Templates\gcc\startup_stm32f446xx.o
OTG_HS_IRQHandler                                 Drivers\CMSIS\Device\ST\STM32F4xx\Source\Templates\gcc\startup_stm32f446xx.o
OTG_HS_WKUP_IRQHandler                            Drivers\CMSIS\Device\ST\STM32F4xx\Source\Templates\gcc\startup_stm32f446xx.o
PVD_IRQHandler                                    Drivers\CMSIS\Device\ST\STM32F4xx\Source\Templates\gcc\startup_stm32f446xx.o
PendSV_Handler                                    Src\stm32f4xx_it.o
                                                  Drivers\CMSIS\Device\ST\STM32F4xx\Source\Templates\gcc\startup_stm32f446xx.o
QUADSPI_IRQHandler                                Drivers\CMSIS\Device\ST\STM32F4xx\Source\Templates\gcc\startup_stm32f446xx.o
RCC_IRQHandler                                    Drivers\CMSIS\Device\ST\STM32F4xx\Source\Templates\gcc\startup_stm32f446xx.o
RTC_Alarm_IRQHandler                              Drivers\CMSIS\Device\ST\STM32F4xx\Source\Templates\gcc\startup_stm32f446xx.o
RTC_WKUP_IRQHandler                               Drivers\CMSIS\Device\ST\STM32F4xx\Source\Templates\gcc\startup_stm32f446xx.o
Reset_Handler                                     Drivers\CMSIS\Device\ST\STM32F4xx\Source\Templates\gcc\startup_stm32f446xx.o
SAI1_IRQHandler                                   Drivers\CMSIS\Device\ST\STM32F4xx\Source\Templates\gcc\startup_stm32f446xx.o
SAI2_IRQHandler                                   Drivers\CMSIS\Device\ST\STM32F4xx\Source\Templates\gcc\startup_stm32f446xx.o
SDIO_IRQHandler                                   Drivers\CMSIS\Device\ST\STM32F4xx\Source\Templates\gcc\startup_stm32f446xx.o
SPDIF_RX_IRQHandler                               Drivers\CMSIS\Device\ST\STM32F4xx\Source\Templates\gcc\startup_stm32f446xx.o
SPI1_IRQHandler                                   Drivers\CMSIS\Device\ST\STM32F4xx\Source\Templates\gcc\startup_stm32f446xx.o
SPI2_IRQHandler                                   Drivers\CMSIS\Device\ST\STM32F4xx\Source\Templates\gcc\startup_stm32f446xx.o
SPI3_IRQHandler                                   Drivers\CMSIS\Device\ST\STM32F4xx\Source\Templates\gcc\startup_stm32f446xx.o
SPI4_IRQHandler                                   Drivers\CMSIS\Device\ST\STM32F4xx\Source\Templates\gcc\startup_stm32f446xx.o
SVC_Handler                                       Src\stm32f4xx_it.o
                                                  Drivers\CMSIS\Device\ST\STM32F4xx\Source\Templates\gcc\startup_stm32f446xx.o
SysTick_Handler                                   Src\stm32f4xx_it.o
                                                  Drivers\CMSIS\Device\ST\STM32F4xx\Source\Templates\gcc\startup_stm32f446xx.o
SystemClock_Config                                Src\main.o
SystemCoreClock                                   Drivers\CMSIS\Device\ST\STM32F4xx\Source\Templates\system_stm32f4xx.o
                                                  Drivers\STM32F4xx_HAL_Driver\Src\stm32f4xx_hal_rcc_ex.o
                                                  Drivers\STM32F4xx_HAL_Driver\Src\stm32f4xx_hal_rcc.o
                                                  Drivers\STM32F4xx_HAL_Driver\Src\stm32f4xx_hal_dma.o
                                                  Drivers\STM32F4xx_HAL_Driver\Src\stm32f4xx_hal.o
SystemCoreClockUpdate                             Drivers\CMSIS\Device\ST\STM32F4xx\Source\Templates\system_stm32f4xx.o
SystemInit                                        Drivers\CMSIS\Device\ST\STM32F4xx\Source\Templates\system_stm32f4xx.o
                                                  Drivers\CMSIS\Device\ST\STM32F4xx\Source\Templates\gcc\startup_stm32f446xx.o
TAMP_STAMP_IRQHandler                             Drivers\CMSIS\Device\ST\STM32F4xx\Source\Templates\gcc\startup_stm32f446xx.o
TIM1_BRK_TIM9_IRQHandler                          Drivers\CMSIS\Device\ST\STM32F4xx\Source\Templates\gcc\startup_stm32f446xx.o
TIM1_CC_IRQHandler                                Drivers\CMSIS\Device\ST\STM32F4xx\Source\Templates\gcc\startup_stm32f446xx.o
TIM1_TRG_COM_TIM11_IRQHandler                     Drivers\CMSIS\Device\ST\STM32F4xx\Source\Templates\gcc\startup_stm32f446xx.o
TIM1_UP_TIM10_IRQHandler                          Drivers\CMSIS\Device\ST\STM32F4xx\Source\Templates\gcc\startup_stm32f446xx.o
TIM2_IRQHandler                                   Drivers\CMSIS\Device\ST\STM32F4xx\Source\Templates\gcc\startup_stm32f446xx.o
TIM3_IRQHandler                                   Drivers\CMSIS\Device\ST\STM32F4xx\Source\Templates\gcc\startup_stm32f446xx.o
TIM4_IRQHandler                                   Drivers\CMSIS\Device\ST\STM32F4xx\Source\Templates\gcc\startup_stm32f446xx.o
TIM5_IRQHandler                                   Drivers\CMSIS\Device\ST\STM32F4xx\Source\Templates\gcc\startup_stm32f446xx.o
TIM6_DAC_IRQHandler                               Drivers\CMSIS\Device\ST\STM32F4xx\Source\Templates\gcc\startup_stm32f446xx.o
TIM7_IRQHandler                                   Drivers\CMSIS\Device\ST\STM32F4xx\Source\Templates\gcc\startup_stm32f446xx.o
TIM8_BRK_TIM12_IRQHandler                         Drivers\CMSIS\Device\ST\STM32F4xx\Source\Templates\gcc\startup_stm32f446xx.o
TIM8_CC_IRQHandler                                Drivers\CMSIS\Device\ST\STM32F4xx\Source\Templates\gcc\startup_stm32f446xx.o
TIM8_TRG_COM_TIM14_IRQHandler                     Drivers\CMSIS\Device\ST\STM32F4xx\Source\Templates\gcc\startup_stm32f446xx.o
TIM8_UP_TIM13_IRQHandler                          Src\stm32f4xx_it.o
                                                  Drivers\CMSIS\Device\ST\STM32F4xx\Source\Templates\gcc\startup_stm32f446xx.o
TIMEx_DMACommutationCplt                          Drivers\STM32F4xx_HAL_Driver\Src\stm32f4xx_hal_tim_ex.o
                                                  Drivers\STM32F4xx_HAL_Driver\Src\stm32f4xx_hal_tim.o
TIM_Base_SetConfig                                Drivers\STM32F4xx_HAL_Driver\Src\stm32f4xx_hal_tim.o
                                                  Drivers\STM32F4xx_HAL_Driver\Src\stm32f4xx_hal_tim_ex.o
TIM_CCxChannelCmd                                 Drivers\STM32F4xx_HAL_Driver\Src\stm32f4xx_hal_tim.o
                                                  Drivers\STM32F4xx_HAL_Driver\Src\stm32f4xx_hal_tim_ex.o
TIM_DMACaptureCplt                                Drivers\STM32F4xx_HAL_Driver\Src\stm32f4xx_hal_tim.o
                                                  Drivers\STM32F4xx_HAL_Driver\Src\stm32f4xx_hal_tim_ex.o
TIM_DMADelayPulseCplt                             Drivers\STM32F4xx_HAL_Driver\Src\stm32f4xx_hal_tim.o
                                                  Drivers\STM32F4xx_HAL_Driver\Src\stm32f4xx_hal_tim_ex.o
TIM_DMAError                                      Drivers\STM32F4xx_HAL_Driver\Src\stm32f4xx_hal_tim.o
                                                  Drivers\STM32F4xx_HAL_Driver\Src\stm32f4xx_hal_tim_ex.o
TIM_OC2_SetConfig                                 Drivers\STM32F4xx_HAL_Driver\Src\stm32f4xx_hal_tim.o
                                                  Drivers\STM32F4xx_HAL_Driver\Src\stm32f4xx_hal_tim_ex.o
TIM_TI1_SetConfig                                 Drivers\STM32F4xx_HAL_Driver\Src\stm32f4xx_hal_tim.o
                                                  Drivers\STM32F4xx_HAL_Driver\Src\stm32f4xx_hal_tim_ex.o
UART4_IRQHandler                                  Drivers\CMSIS\Device\ST\STM32F4xx\Source\Templates\gcc\startup_stm32f446xx.o
UART5_IRQHandler                                  Drivers\CMSIS\Device\ST\STM32F4xx\Source\Templates\gcc\startup_stm32f446xx.o
USART1_IRQHandler                                 Drivers\CMSIS\Device\ST\STM32F4xx\Source\Templates\gcc\startup_stm32f446xx.o
USART2_IRQHandler                                 Drivers\CMSIS\Device\ST\STM32F4xx\Source\Templates\gcc\startup_stm32f446xx.o
USART3_IRQHandler                                 Drivers\CMSIS\Device\ST\STM32F4xx\Source\Templates\gcc\startup_stm32f446xx.o
USART6_IRQHandler                                 Drivers\CMSIS\Device\ST\STM32F4xx\Source\Templates\gcc\startup_stm32f446xx.o
UsageFault_Handler                                Src\stm32f4xx_it.o
                                                  Drivers\CMSIS\Device\ST\STM32F4xx\Source\Templates\gcc\startup_stm32f446xx.o
WWDG_IRQHandler                                   Drivers\CMSIS\Device\ST\STM32F4xx\Source\Templates\gcc\startup_stm32f446xx.o
__deregister_frame_info                           c:/program files (x86)/atollic/truestudio for arm 6.0.0/armtools/bin/../lib/gcc/arm-atollic-eabi/5.3.1/armv7e-m/fpu/crtbegin.o
__dso_handle                                      c:/program files (x86)/atollic/truestudio for arm 6.0.0/armtools/bin/../lib/gcc/arm-atollic-eabi/5.3.1/armv7e-m/fpu/crtbegin.o
__init_array_end                                  c:/program files (x86)/atollic/truestudio for arm 6.0.0/armtools/bin/../lib/gcc/arm-atollic-eabi/5.3.1/../../../../arm-atollic-eabi/lib/armv7e-m/fpu\libc.a(lib_a-init.o)
__init_array_start                                c:/program files (x86)/atollic/truestudio for arm 6.0.0/armtools/bin/../lib/gcc/arm-atollic-eabi/5.3.1/../../../../arm-atollic-eabi/lib/armv7e-m/fpu\libc.a(lib_a-init.o)
__libc_init_array                                 c:/program files (x86)/atollic/truestudio for arm 6.0.0/armtools/bin/../lib/gcc/arm-atollic-eabi/5.3.1/../../../../arm-atollic-eabi/lib/armv7e-m/fpu\libc.a(lib_a-init.o)
                                                  Drivers\CMSIS\Device\ST\STM32F4xx\Source\Templates\gcc\startup_stm32f446xx.o
__preinit_array_end                               c:/program files (x86)/atollic/truestudio for arm 6.0.0/armtools/bin/../lib/gcc/arm-atollic-eabi/5.3.1/../../../../arm-atollic-eabi/lib/armv7e-m/fpu\libc.a(lib_a-init.o)
__preinit_array_start                             c:/program files (x86)/atollic/truestudio for arm 6.0.0/armtools/bin/../lib/gcc/arm-atollic-eabi/5.3.1/../../../../arm-atollic-eabi/lib/armv7e-m/fpu\libc.a(lib_a-init.o)
__register_frame_info                             c:/program files (x86)/atollic/truestudio for arm 6.0.0/armtools/bin/../lib/gcc/arm-atollic-eabi/5.3.1/armv7e-m/fpu/crtbegin.o
_ebss                                             Drivers\CMSIS\Device\ST\STM32F4xx\Source\Templates\gcc\startup_stm32f446xx.o
_edata                                            Drivers\CMSIS\Device\ST\STM32F4xx\Source\Templates\gcc\startup_stm32f446xx.o
_estack                                           Drivers\CMSIS\Device\ST\STM32F4xx\Source\Templates\gcc\startup_stm32f446xx.o
_fini                                             c:/program files (x86)/atollic/truestudio for arm 6.0.0/armtools/bin/../lib/gcc/arm-atollic-eabi/5.3.1/armv7e-m/fpu/crti.o
_init                                             c:/program files (x86)/atollic/truestudio for arm 6.0.0/armtools/bin/../lib/gcc/arm-atollic-eabi/5.3.1/armv7e-m/fpu/crti.o
                                                  c:/program files (x86)/atollic/truestudio for arm 6.0.0/armtools/bin/../lib/gcc/arm-atollic-eabi/5.3.1/../../../../arm-atollic-eabi/lib/armv7e-m/fpu\libc.a(lib_a-init.o)
_sbss                                             Drivers\CMSIS\Device\ST\STM32F4xx\Source\Templates\gcc\startup_stm32f446xx.o
_sdata                                            Drivers\CMSIS\Device\ST\STM32F4xx\Source\Templates\gcc\startup_stm32f446xx.o
_sidata                                           Drivers\CMSIS\Device\ST\STM32F4xx\Source\Templates\gcc\startup_stm32f446xx.o
g_pfnVectors                                      Drivers\CMSIS\Device\ST\STM32F4xx\Source\Templates\gcc\startup_stm32f446xx.o
htim13                                            Src\tim.o
                                                  Src\stm32f4xx_it.o
                                                  Src\main.o
huart1                                            Src\usart.o
main                                              Src\main.o
                                                  Drivers\CMSIS\Device\ST\STM32F4xx\Source\Templates\gcc\startup_stm32f446xx.o
pFlash                                            Drivers\STM32F4xx_HAL_Driver\Src\stm32f4xx_hal_flash.o
                                                  Drivers\STM32F4xx_HAL_Driver\Src\stm32f4xx_hal_flash_ex.o
uwTick                                            Drivers\STM32F4xx_HAL_Driver\Src\stm32f4xx_hal.o